Archive member included to satisfy reference by file (symbol)

d:/gcc-arm-none-eabi-5_4-2016q3-20160926-win32/bin/../lib/gcc/arm-none-eabi/5.4.1/armv7-m\libgcc.a(_arm_addsubsf3.o)
                              src\ds18b20.o (__aeabi_ui2f)
d:/gcc-arm-none-eabi-5_4-2016q3-20160926-win32/bin/../lib/gcc/arm-none-eabi/5.4.1/armv7-m\libgcc.a(_arm_muldivsf3.o)
                              src\ds18b20.o (__aeabi_fmul)
d:/gcc-arm-none-eabi-5_4-2016q3-20160926-win32/bin/../lib/gcc/arm-none-eabi/5.4.1/../../../../arm-none-eabi/lib/armv7-m\libc.a(lib_a-errno.o)
                              src\newlib_stubs.o (__errno)
d:/gcc-arm-none-eabi-5_4-2016q3-20160926-win32/bin/../lib/gcc/arm-none-eabi/5.4.1/../../../../arm-none-eabi/lib/armv7-m\libc.a(lib_a-exit.o)
                              d:/gcc-arm-none-eabi-5_4-2016q3-20160926-win32/bin/../lib/gcc/arm-none-eabi/5.4.1/../../../../arm-none-eabi/lib/armv7-m/crt0.o (exit)
d:/gcc-arm-none-eabi-5_4-2016q3-20160926-win32/bin/../lib/gcc/arm-none-eabi/5.4.1/../../../../arm-none-eabi/lib/armv7-m\libc.a(lib_a-impure.o)
                              d:/gcc-arm-none-eabi-5_4-2016q3-20160926-win32/bin/../lib/gcc/arm-none-eabi/5.4.1/../../../../arm-none-eabi/lib/armv7-m\libc.a(lib_a-exit.o) (_global_impure_ptr)
d:/gcc-arm-none-eabi-5_4-2016q3-20160926-win32/bin/../lib/gcc/arm-none-eabi/5.4.1/../../../../arm-none-eabi/lib/armv7-m\libc.a(lib_a-init.o)
                              d:/gcc-arm-none-eabi-5_4-2016q3-20160926-win32/bin/../lib/gcc/arm-none-eabi/5.4.1/../../../../arm-none-eabi/lib/armv7-m/crt0.o (__libc_init_array)
d:/gcc-arm-none-eabi-5_4-2016q3-20160926-win32/bin/../lib/gcc/arm-none-eabi/5.4.1/../../../../arm-none-eabi/lib/armv7-m\libc.a(lib_a-memset.o)
                              d:/gcc-arm-none-eabi-5_4-2016q3-20160926-win32/bin/../lib/gcc/arm-none-eabi/5.4.1/../../../../arm-none-eabi/lib/armv7-m/crt0.o (memset)
d:/gcc-arm-none-eabi-5_4-2016q3-20160926-win32/bin/../lib/gcc/arm-none-eabi/5.4.1/../../../../arm-none-eabi/lib/armv7-m\libc.a(lib_a-printf.o)
                              src\ds18b20.o (printf)
d:/gcc-arm-none-eabi-5_4-2016q3-20160926-win32/bin/../lib/gcc/arm-none-eabi/5.4.1/../../../../arm-none-eabi/lib/armv7-m\libc.a(lib_a-puts.o)
                              src\main.o (puts)
d:/gcc-arm-none-eabi-5_4-2016q3-20160926-win32/bin/../lib/gcc/arm-none-eabi/5.4.1/../../../../arm-none-eabi/lib/armv7-m\libc.a(lib_a-setvbuf.o)
                              src\conf.o (setvbuf)
d:/gcc-arm-none-eabi-5_4-2016q3-20160926-win32/bin/../lib/gcc/arm-none-eabi/5.4.1/../../../../arm-none-eabi/lib/armv7-m\libc.a(lib_a-strlen-stub.o)
                              d:/gcc-arm-none-eabi-5_4-2016q3-20160926-win32/bin/../lib/gcc/arm-none-eabi/5.4.1/../../../../arm-none-eabi/lib/armv7-m\libc.a(lib_a-puts.o) (strlen)
d:/gcc-arm-none-eabi-5_4-2016q3-20160926-win32/bin/../lib/gcc/arm-none-eabi/5.4.1/../../../../arm-none-eabi/lib/armv7-m\libc.a(lib_a-vfprintf.o)
                              d:/gcc-arm-none-eabi-5_4-2016q3-20160926-win32/bin/../lib/gcc/arm-none-eabi/5.4.1/../../../../arm-none-eabi/lib/armv7-m\libc.a(lib_a-printf.o) (_vfprintf_r)
d:/gcc-arm-none-eabi-5_4-2016q3-20160926-win32/bin/../lib/gcc/arm-none-eabi/5.4.1/../../../../arm-none-eabi/lib/armv7-m\libc.a(lib_a-wsetup.o)
                              d:/gcc-arm-none-eabi-5_4-2016q3-20160926-win32/bin/../lib/gcc/arm-none-eabi/5.4.1/../../../../arm-none-eabi/lib/armv7-m\libc.a(lib_a-vfprintf.o) (__swsetup_r)
d:/gcc-arm-none-eabi-5_4-2016q3-20160926-win32/bin/../lib/gcc/arm-none-eabi/5.4.1/../../../../arm-none-eabi/lib/armv7-m\libc.a(lib_a-__call_atexit.o)
                              d:/gcc-arm-none-eabi-5_4-2016q3-20160926-win32/bin/../lib/gcc/arm-none-eabi/5.4.1/../../../../arm-none-eabi/lib/armv7-m\libc.a(lib_a-exit.o) (__call_exitprocs)
d:/gcc-arm-none-eabi-5_4-2016q3-20160926-win32/bin/../lib/gcc/arm-none-eabi/5.4.1/../../../../arm-none-eabi/lib/armv7-m\libc.a(lib_a-atexit.o)
                              d:/gcc-arm-none-eabi-5_4-2016q3-20160926-win32/bin/../lib/gcc/arm-none-eabi/5.4.1/../../../../arm-none-eabi/lib/armv7-m\libc.a(lib_a-__call_atexit.o) (atexit)
d:/gcc-arm-none-eabi-5_4-2016q3-20160926-win32/bin/../lib/gcc/arm-none-eabi/5.4.1/../../../../arm-none-eabi/lib/armv7-m\libc.a(lib_a-dtoa.o)
                              d:/gcc-arm-none-eabi-5_4-2016q3-20160926-win32/bin/../lib/gcc/arm-none-eabi/5.4.1/../../../../arm-none-eabi/lib/armv7-m\libc.a(lib_a-vfprintf.o) (_dtoa_r)
d:/gcc-arm-none-eabi-5_4-2016q3-20160926-win32/bin/../lib/gcc/arm-none-eabi/5.4.1/../../../../arm-none-eabi/lib/armv7-m\libc.a(lib_a-fflush.o)
                              d:/gcc-arm-none-eabi-5_4-2016q3-20160926-win32/bin/../lib/gcc/arm-none-eabi/5.4.1/../../../../arm-none-eabi/lib/armv7-m\libc.a(lib_a-setvbuf.o) (_fflush_r)
d:/gcc-arm-none-eabi-5_4-2016q3-20160926-win32/bin/../lib/gcc/arm-none-eabi/5.4.1/../../../../arm-none-eabi/lib/armv7-m\libc.a(lib_a-findfp.o)
[...]
Memory Configuration

Name             Origin             Length             Attributes
FLASH            0x08000000         0x00010000         xr
RAM              0x20000000         0x00005000         xrw
MEMORY_B1        0x60000000         0x00000000         xr
*default*        0x00000000         0xffffffff

Linker script and memory map

LOAD d:/gcc-arm-none-eabi-5_4-2016q3-20160926-win32/bin/../lib/gcc/arm-none-eabi/5.4.1/armv7-m/crti.o
LOAD d:/gcc-arm-none-eabi-5_4-2016q3-20160926-win32/bin/../lib/gcc/arm-none-eabi/5.4.1/armv7-m/crtbegin.o
LOAD d:/gcc-arm-none-eabi-5_4-2016q3-20160926-win32/bin/../lib/gcc/arm-none-eabi/5.4.1/../../../../arm-none-eabi/lib/armv7-m/crt0.o
LOAD src\conf.o
LOAD src\config.o
LOAD src\ds18b20.o
LOAD src\func.o
LOAD src\lcdh.o
LOAD src\main.o
LOAD src\newlib_stubs.o
LOAD src\shiftout.o
LOAD src\startup_stm32f10x_md_vl.o
LOAD src\stm32\misc.o
LOAD src\stm32\stm32f10x_adc.o
LOAD src\stm32\stm32f10x_bkp.o
LOAD src\stm32\stm32f10x_can.o
LOAD src\stm32\stm32f10x_cec.o
LOAD src\stm32\stm32f10x_crc.o
LOAD src\stm32\stm32f10x_dac.o
LOAD src\stm32\stm32f10x_dbgmcu.o
LOAD src\stm32\stm32f10x_dma.o
LOAD src\stm32\stm32f10x_exti.o
LOAD src\stm32\stm32f10x_flash.o
LOAD src\stm32\stm32f10x_fsmc.o
LOAD src\stm32\stm32f10x_gpio.o
LOAD src\stm32\stm32f10x_i2c.o
LOAD src\stm32\stm32f10x_iwdg.o
LOAD src\stm32\stm32f10x_pwr.o
LOAD src\stm32\stm32f10x_rcc.o
LOAD src\stm32\stm32f10x_rtc.o
LOAD src\stm32\stm32f10x_sdio.o
LOAD src\stm32\stm32f10x_spi.o
LOAD src\stm32\stm32f10x_tim.o
LOAD src\stm32\stm32f10x_usart.o
LOAD src\stm32\stm32f10x_wwdg.o
LOAD src\stm32f1xx_it.o
LOAD src\system_stm32f10x.o
LOAD src\xbee.o
START GROUP
LOAD d:/gcc-arm-none-eabi-5_4-2016q3-20160926-win32/bin/../lib/gcc/arm-none-eabi/5.4.1/armv7-m\libgcc.a
LOAD d:/gcc-arm-none-eabi-5_4-2016q3-20160926-win32/bin/../lib/gcc/arm-none-eabi/5.4.1/../../../../arm-none-eabi/lib/armv7-m\libc.a
END GROUP
LOAD d:/gcc-arm-none-eabi-5_4-2016q3-20160926-win32/bin/../lib/gcc/arm-none-eabi/5.4.1/armv7-m/crtend.o
LOAD d:/gcc-arm-none-eabi-5_4-2016q3-20160926-win32/bin/../lib/gcc/arm-none-eabi/5.4.1/armv7-m/crtn.o
                0x20005000                _estack = 0x20005000
                0x00000000                _Min_Heap_Size = 0x0
                0x00000080                _Min_Stack_Size = 0x80

.isr_vector     0x08000000      0x1d0
                0x08000000                . = ALIGN (0x4)
 *(.isr_vector)
 .isr_vector    0x08000000      0x1d0 src\startup_stm32f10x_md_vl.o
                0x08000000                g_pfnVectors
                0x080001d0                . = ALIGN (0x4)

.text           0x080001d0     0x818c
                0x080001d0                . = ALIGN (0x4)
 *(.text)
 .text          0x080001d0       0x5c d:/gcc-arm-none-eabi-5_4-2016q3-20160926-win32/bin/../lib/gcc/arm-none-eabi/5.4.1/armv7-m/crtbegin.o
 .text          0x0800022c      0x460 src\conf.o
                0x0800022c                Delay_us
                0x0800024c                Delay_ms
                0x0800026a                Delay_Init
                0x0800031c                ADC1_Initm
                0x080003a8                EXTI_config
                0x08000450                usart1_init
                0x08000504                usart2_init
                0x080005a8                usart3_init
                0x0800065c                usart_send
                0x08000672                usart_send_n
 .text          0x0800068c       0x32 src\func.o
                0x0800068c                func_GPIO_T
                0x080006b4                func_exec
 *fill*         0x080006be        0x2 
 .text          0x080006c0      0x2b4 src\main.o
                0x080006c0                USART2_IRQHandler
                0x080006f4                EXTI9_5_IRQHandler
                0x08000758                func_process
                0x08000868                xbee_process
 .text          0x08000974      0x180 src\newlib_stubs.o
                0x08000974                _close
                0x0800097a                _execve
                0x0800098a                _fork
                0x0800099a                _fstat
                0x080009a4                _getpid
                0x080009a8                _isatty
                0x080009be                _kill
                0x080009ce                _link
                0x080009de                _lseek
                0x080009e2                _read
                0x08000a18                _stat
                0x08000a22                _times
                0x08000a28                _unlink
                0x08000a38                _wait
                0x08000a48                _write
                0x08000a9c                _exit
                0x08000ab0                _sbrk
 .text          0x08000af4       0x68 src\shiftout.o
                0x08000af4                shiftout
 .text          0x08000b5c       0xc4 src\stm32\misc.o
                0x08000b5c                NVIC_PriorityGroupConfig
                0x08000b70                NVIC_Init
                0x08000bdc                NVIC_SetVectorTable
                0x08000bf0                NVIC_SystemLPConfig
                0x08000c08                SysTick_CLKSourceConfig
 .text          0x08000c20      0x360 src\stm32\stm32f10x_adc.o
                0x08000c20                ADC_DeInit
                0x08000c80                ADC_Init
                0x08000cc8                ADC_StructInit
                0x08000cda                ADC_Cmd
                0x08000cec                ADC_DMACmd
                0x08000cfe                ADC_ITConfig
                0x08000d10                ADC_ResetCalibration
                0x08000d1a                ADC_GetResetCalibrationStatus
                0x08000d22                ADC_StartCalibration
                0x08000d2c                ADC_GetCalibrationStatus
                0x08000d34                ADC_SoftwareStartConvCmd
                0x08000d46                ADC_GetSoftwareStartConvStatus
                0x08000d4e                ADC_DiscModeChannelCountConfig
                0x08000d5e                ADC_DiscModeCmd
                0x08000d70                ADC_RegularChannelConfig
                0x08000dfe                ADC_ExternalTrigConvCmd
                0x08000e10                ADC_GetConversionValue
                0x08000e16                ADC_GetDualModeConversionValue
                0x08000e20                ADC_AutoInjectedConvCmd
                0x08000e32                ADC_InjectedDiscModeCmd
                0x08000e44                ADC_ExternalTrigInjectedConvConfig
                0x08000e50                ADC_ExternalTrigInjectedConvCmd
                0x08000e62                ADC_SoftwareStartInjectedConvCmd
                0x08000e74                ADC_GetSoftwareStartInjectedConvCmdStatus
                0x08000e7c                ADC_InjectedChannelConfig
                0x08000ed4                ADC_InjectedSequencerLengthConfig
                0x08000ee4                ADC_SetInjectedOffset
                0x08000efa                ADC_GetInjectedConversionValue
                0x08000f14                ADC_AnalogWatchdogCmd
                0x08000f24                ADC_AnalogWatchdogThresholdsConfig
                0x08000f2a                ADC_AnalogWatchdogSingleChannelConfig
                0x08000f36                ADC_TempSensorVrefintCmd
                0x08000f50                ADC_GetFlagStatus
                0x08000f5c                ADC_ClearFlag
                0x08000f62                ADC_GetITStatus
                0x08000f78                ADC_ClearITPendingBit
 .text          0x08000f80       0xf4 src\stm32\stm32f10x_exti.o
                0x08000f80                EXTI_DeInit
                0x08000f9c                EXTI_Init
                0x08001010                EXTI_StructInit
                0x0800101e                EXTI_GenerateSWInterrupt
                0x0800102c                EXTI_GetFlagStatus
                0x08001040                EXTI_ClearFlag
                0x0800104c                EXTI_GetITStatus
                0x08001068                EXTI_ClearITPendingBit
 .text          0x08001074      0x288 src\stm32\stm32f10x_gpio.o
                0x08001074                GPIO_DeInit
                0x0800112c                GPIO_AFIODeInit
                0x08001142                GPIO_Init
                0x080011e6                GPIO_StructInit
                0x080011f6                GPIO_ReadInputDataBit
                0x08001202                GPIO_ReadInputData
                0x08001208                GPIO_ReadOutputDataBit
                0x08001214                GPIO_ReadOutputData
                0x0800121a                GPIO_SetBits
                0x0800121e                GPIO_ResetBits
                0x08001222                GPIO_WriteBit
                0x0800122c                GPIO_Write
                0x08001230                GPIO_PinLockConfig
                0x08001240                GPIO_EventOutputConfig
                0x0800125c                GPIO_EventOutputCmd
                0x08001268                GPIO_PinRemapConfig
                0x080012c8                GPIO_EXTILineConfig
                0x080012f2                GPIO_ETH_MediaInterfaceConfig
 .text          0x080012fc      0x340 src\stm32\stm32f10x_rcc.o
                0x080012fc                RCC_DeInit
                0x0800133c                RCC_HSEConfig
                0x08001374                RCC_AdjustHSICalibrationValue
                0x08001388                RCC_HSICmd
                0x08001394                RCC_PLLConfig
                0x080013a8                RCC_PLLCmd
                0x080013b4                RCC_SYSCLKConfig
                0x080013c8                RCC_GetSYSCLKSource
                0x080013d8                RCC_HCLKConfig
                0x080013ec                RCC_PCLK1Config
                0x08001400                RCC_PCLK2Config
                0x08001414                RCC_ITConfig
                0x0800142c                RCC_USBCLKConfig
                0x08001438                RCC_ADCCLKConfig
                0x0800144c                RCC_LSEConfig
                0x0800146c                RCC_LSICmd
                0x08001478                RCC_RTCCLKConfig
                0x08001488                RCC_RTCCLKCmd
                0x08001494                RCC_GetClocksFreq
                0x08001518                RCC_AHBPeriphClockCmd
                0x08001530                RCC_APB2PeriphClockCmd
                0x08001548                RCC_APB1PeriphClockCmd
                0x08001560                RCC_APB2PeriphResetCmd
                0x08001578                RCC_APB1PeriphResetCmd
                0x08001590                RCC_BackupResetCmd
                0x0800159c                RCC_ClockSecuritySystemCmd
                0x080015a8                RCC_MCOConfig
                0x080015b4                RCC_GetFlagStatus
                0x080015dc                RCC_WaitForHSEStartUp
                0x0800160c                RCC_ClearFlag
                0x0800161c                RCC_GetITStatus
                0x08001630                RCC_ClearITPendingBit
 .text          0x0800163c      0xc84 src\stm32\stm32f10x_tim.o
                0x0800171c                TIM_DeInit
                0x080018e4                TIM_TimeBaseInit
                0x08001978                TIM_OC1Init
                0x08001a00                TIM_OC2Init
                0x08001a88                TIM_OC3Init
                0x08001b0c                TIM_OC4Init
                0x08001b74                TIM_BDTRConfig
                0x08001b96                TIM_TimeBaseStructInit
                0x08001ba8                TIM_OCStructInit
                0x08001bbc                TIM_ICStructInit
                0x08001bcc                TIM_BDTRStructInit
                0x08001bde                TIM_Cmd
                0x08001bf6                TIM_CtrlPWMOutputs
                0x08001c12                TIM_GenerateEvent
                0x08001c16                TIM_DMAConfig
                0x08001c1e                TIM_DMACmd
                0x08001c30                TIM_ITConfig
                0x08001c34                TIM_InternalClockConfig
                0x08001c42                TIM_ITRxExternalClockConfig
                0x08001c5c                TIM_TIxExternalClockConfig
                0x08001c90                TIM_ETRConfig
                0x08001ca4                TIM_ETRClockMode1Config
                0x08001cbc                TIM_ETRClockMode2Config
                0x08001cce                TIM_PrescalerConfig
                0x08001cd4                TIM_CounterModeConfig
                0x08001ce4                TIM_SelectInputTrigger
                0x08001cf4                TIM_EncoderInterfaceConfig
                0x08001d30                TIM_ForcedOC1Config
                0x08001d40                TIM_ForcedOC2Config
                0x08001d54                TIM_ForcedOC3Config
                0x08001d64                TIM_ForcedOC4Config
                0x08001d78                TIM_ARRPreloadConfig
                0x08001d90                TIM_SelectCOM
                0x08001da8                TIM_SelectCCDMA
                0x08001dc0                TIM_CCPreloadControl
                0x08001dd8                TIM_OC1PreloadConfig
                0x08001de8                TIM_OC2PreloadConfig
                0x08001dfc                TIM_OC3PreloadConfig
                0x08001e0c                TIM_OC4PreloadConfig
                0x08001e20                TIM_OC1FastConfig
                0x08001e30                TIM_OC2FastConfig
                0x08001e44                TIM_OC3FastConfig
                0x08001e54                TIM_OC4FastConfig
                0x08001e68                TIM_ClearOC1Ref
                0x08001e78                TIM_ClearOC2Ref
                0x08001e88                TIM_ClearOC3Ref
                0x08001e98                TIM_ClearOC4Ref
                0x08001ea8                TIM_OC1PolarityConfig
                0x08001eb8                TIM_OC1NPolarityConfig
                0x08001ec8                TIM_OC2PolarityConfig
                0x08001edc                TIM_OC2NPolarityConfig
                0x08001ef0                TIM_OC3PolarityConfig
                0x08001f04                TIM_OC3NPolarityConfig
                0x08001f18                TIM_OC4PolarityConfig
                0x08001f2c                TIM_CCxCmd
                0x08001f48                TIM_CCxNCmd
                0x08001f64                TIM_SelectOCxM
                0x08001fa6                TIM_UpdateDisableConfig
                0x08001fbe                TIM_UpdateRequestConfig
                0x08001fd6                TIM_SelectHallSensor
                0x08001fee                TIM_SelectOnePulseMode
                0x08002004                TIM_SelectOutputTrigger
                0x0800201a                TIM_SelectSlaveMode
                0x08002030                TIM_SelectMasterSlaveMode
                0x08002046                TIM_SetCounter
                0x0800204a                TIM_SetAutoreload
                0x0800204e                TIM_SetCompare1
                0x08002052                TIM_SetCompare2
                0x08002056                TIM_SetCompare3
                0x0800205a                TIM_SetCompare4
                0x08002060                TIM_SetIC1Prescaler
                0x08002076                TIM_SetIC2Prescaler
                0x08002090                TIM_PWMIConfig
                0x080020f0                TIM_SetIC3Prescaler
                0x08002106                TIM_SetIC4Prescaler
                0x08002120                TIM_ICInit
                0x08002250                TIM_SetClockDivision
                0x08002266                TIM_GetCapture1
                0x0800226c                TIM_GetCapture2
                0x08002272                TIM_GetCapture3
                0x08002278                TIM_GetCapture4
                0x08002280                TIM_GetCounter
                0x08002286                TIM_GetPrescaler
                0x0800228c                TIM_GetFlagStatus
                0x08002298                TIM_ClearFlag
                0x080022a0                TIM_GetITStatus
                0x080022b6                TIM_ClearITPendingBit
 .text          0x080022c0      0x3ac src\stm32\stm32f10x_usart.o
                0x080022c0                USART_DeInit
                0x0800235c                USART_Init
                0x08002404                USART_StructInit
                0x0800241a                USART_ClockInit
                0x0800243a                USART_ClockStructInit
                0x08002446                USART_Cmd
                0x0800245e                USART_ITConfig
                0x0800248e                USART_DMACmd
                0x080024a0                USART_SetAddress
                0x080024b6                USART_WakeUpConfig
                0x080024cc                USART_ReceiverWakeUpCmd
                0x080024e4                USART_LINBreakDetectLengthConfig
                0x080024fa                USART_LINCmd
                0x08002512                USART_SendData
                0x08002528                USART_ReceiveData
                0x08002530                USART_SendBreak
                0x0800253c                USART_SetGuardTime
                0x0800254e                USART_SetPrescaler
                0x08002560                USART_SmartCardCmd
                0x08002578                USART_SmartCardNACKCmd
                0x08002590                USART_HalfDuplexCmd
                0x080025a8                USART_OverSampling8Cmd
                0x080025c0                USART_OneBitMethodCmd
                0x080025d8                USART_IrDAConfig
                0x080025ee                USART_IrDACmd
                0x08002606                USART_GetFlagStatus
                0x08002612                USART_ClearFlag
                0x0800261a                USART_GetITStatus
                0x0800265a                USART_ClearITPendingBit
 .text          0x0800266c       0x10 src\stm32f1xx_it.o
                0x0800266c                NMI_Handler
                0x0800266e                HardFault_Handler
                0x08002670                MemManage_Handler
                0x08002672                BusFault_Handler
                0x08002674                UsageFault_Handler
                0x08002676                SVC_Handler
                0x08002678                DebugMon_Handler
                0x0800267a                PendSV_Handler
 .text          0x0800267c      0x14c src\system_stm32f10x.o
                0x0800267c                SystemInit
                0x08002770                SystemCoreClockUpdate
 .text          0x080027c8      0x1c8 src\xbee.o
                0x080027c8                xbee_get_address
                0x080027dc                xbee_reciver
                0x08002822                xbee_data
                0x08002846                xbee_address
                0x0800285a                xbee_checksum
                0x0800287a                xbee_packet
                0x080028cc                xbee_Send
                0x080028fc                xbee_SendData
                0x08002930                xbee_usart
 .text          0x08002990       0xec d:/gcc-arm-none-eabi-5_4-2016q3-20160926-win32/bin/../lib/gcc/arm-none-eabi/5.4.1/../../../../arm-none-eabi/lib/armv7-m\libc.a(lib_a-memcpy.o)
                0x08002990                memcpy
 .text          0x08002a7c      0x370 d:/gcc-arm-none-eabi-5_4-2016q3-20160926-win32/bin/../lib/gcc/arm-none-eabi/5.4.1/armv7-m\libgcc.a(_arm_addsubdf3.o)
                0x08002a7c                __aeabi_drsub
                0x08002a84                __aeabi_dsub
                0x08002a84                __subdf3
                0x08002a88                __aeabi_dadd
                0x08002a88                __adddf3
                0x08002d00                __floatunsidf
                0x08002d00                __aeabi_ui2d
                0x08002d20                __floatsidf
                0x08002d20                __aeabi_i2d
                0x08002d44                __aeabi_f2d
                0x08002d44                __extendsfdf2
                0x08002d80                __floatundidf
                0x08002d80                __aeabi_ul2d
                0x08002d90                __floatdidf
                0x08002d90                __aeabi_l2d
 .text          0x08002dec      0x424 d:/gcc-arm-none-eabi-5_4-2016q3-20160926-win32/bin/../lib/gcc/arm-none-eabi/5.4.1/armv7-m\libgcc.a(_arm_muldivdf3.o)
                0x08002dec                __aeabi_dmul
                0x08002dec                __muldf3
                0x08003040                __divdf3
                0x08003040                __aeabi_ddiv
 .text          0x08003210      0x110 d:/gcc-arm-none-eabi-5_4-2016q3-20160926-win32/bin/../lib/gcc/arm-none-eabi/5.4.1/armv7-m\libgcc.a(_arm_cmpdf2.o)
                0x08003210                __gtdf2
                0x08003210                __gedf2
                0x08003218                __ltdf2
                0x08003218                __ledf2
                0x08003220                __nedf2
                0x08003220                __eqdf2
                0x08003220                __cmpdf2
                0x0800329c                __aeabi_cdrcmple
                0x080032ac                __aeabi_cdcmpeq
                0x080032ac                __aeabi_cdcmple
                0x080032bc                __aeabi_dcmpeq
                0x080032d0                __aeabi_dcmplt
                0x080032e4                __aeabi_dcmple
                0x080032f8                __aeabi_dcmpge
                0x0800330c                __aeabi_dcmpgt
 .text          0x08003320       0x2c d:/gcc-arm-none-eabi-5_4-2016q3-20160926-win32/bin/../lib/gcc/arm-none-eabi/5.4.1/armv7-m\libgcc.a(_arm_unorddf2.o)
                0x08003320                __unorddf2
                0x08003320                __aeabi_dcmpun
 .text          0x0800334c       0x50 d:/gcc-arm-none-eabi-5_4-2016q3-20160926-win32/bin/../lib/gcc/arm-none-eabi/5.4.1/armv7-m\libgcc.a(_arm_fixdfsi.o)
                0x0800334c                __aeabi_d2iz
                0x0800334c                __fixdfsi
 .text          0x0800339c       0x30 d:/gcc-arm-none-eabi-5_4-2016q3-20160926-win32/bin/../lib/gcc/arm-none-eabi/5.4.1/armv7-m\libgcc.a(_aeabi_uldivmod.o)
                0x0800339c                __aeabi_uldivmod
 .text          0x080033cc      0x2ec d:/gcc-arm-none-eabi-5_4-2016q3-20160926-win32/bin/../lib/gcc/arm-none-eabi/5.4.1/armv7-m\libgcc.a(_udivmoddi4.o)
                0x080033cc                __udivmoddi4
 .text          0x080036b8        0x4 d:/gcc-arm-none-eabi-5_4-2016q3-20160926-win32/bin/../lib/gcc/arm-none-eabi/5.4.1/armv7-m\libgcc.a(_dvmd_tls.o)
                0x080036b8                __aeabi_idiv0
                0x080036b8                __aeabi_ldiv0
 *(.text*)
 .text.startup  0x080036bc       0x84 src\main.o
                0x080036bc                main
 .text.Reset_Handler
                0x08003740       0x50 src\startup_stm32f10x_md_vl.o
                0x08003740                Reset_Handler
 .text.Default_Handler
                0x08003790        0x2 src\startup_stm32f10x_md_vl.o
                0x08003790                EXTI2_IRQHandler
                0x08003790                TIM1_CC_IRQHandler
                0x08003790                SysTick_Handler
                0x08003790                PVD_IRQHandler
                0x08003790                EXTI3_IRQHandler
                0x08003790                EXTI0_IRQHandler
                0x08003790                I2C2_EV_IRQHandler
                0x08003790                TIM1_UP_TIM16_IRQHandler
                0x08003790                SPI1_IRQHandler
                0x08003790                TAMPER_IRQHandler
                0x08003790                TIM6_DAC_IRQHandler
                0x08003790                DMA1_Channel4_IRQHandler
                0x08003790                ADC1_IRQHandler
                0x08003790                USART3_IRQHandler
                0x08003790                RTC_IRQHandler
                0x08003790                DMA1_Channel7_IRQHandler
                0x08003790                TIM4_IRQHandler
                0x08003790                I2C1_EV_IRQHandler
                0x08003790                DMA1_Channel6_IRQHandler
                0x08003790                TIM3_IRQHandler
                0x08003790                RCC_IRQHandler
                0x08003790                DMA1_Channel1_IRQHandler
                0x08003790                Default_Handler
                0x08003790                CEC_IRQHandler
                0x08003790                EXTI15_10_IRQHandler
                0x08003790                TIM7_IRQHandler
                0x08003790                SPI2_IRQHandler
                0x08003790                DMA1_Channel5_IRQHandler
                0x08003790                EXTI4_IRQHandler
                0x08003790                TIM1_TRG_COM_TIM17_IRQHandler
                0x08003790                DMA1_Channel3_IRQHandler
                0x08003790                WWDG_IRQHandler
                0x08003790                TIM2_IRQHandler
                0x08003790                EXTI1_IRQHandler
                0x08003790                RTCAlarm_IRQHandler
                0x08003790                I2C2_ER_IRQHandler
                0x08003790                DMA1_Channel2_IRQHandler
                0x08003790                FLASH_IRQHandler
                0x08003790                USART1_IRQHandler
                0x08003790                I2C1_ER_IRQHandler
                0x08003790                TIM1_BRK_TIM15_IRQHandler
 *fill*         0x08003792        0x2 
 .text.__errno  0x08003794        0xc d:/gcc-arm-none-eabi-5_4-2016q3-20160926-win32/bin/../lib/gcc/arm-none-eabi/5.4.1/../../../../arm-none-eabi/lib/armv7-m\libc.a(lib_a-errno.o)
                0x08003794                __errno
 .text.__libc_init_array
                0x080037a0       0x50 d:/gcc-arm-none-eabi-5_4-2016q3-20160926-win32/bin/../lib/gcc/arm-none-eabi/5.4.1/../../../../arm-none-eabi/lib/armv7-m\libc.a(lib_a-init.o)
                0x080037a0                __libc_init_array
 .text.memset   0x080037f0       0x9c d:/gcc-arm-none-eabi-5_4-2016q3-20160926-win32/bin/../lib/gcc/arm-none-eabi/5.4.1/../../../../arm-none-eabi/lib/armv7-m\libc.a(lib_a-memset.o)
                0x080037f0                memset
 .text.printf   0x0800388c       0x28 d:/gcc-arm-none-eabi-5_4-2016q3-20160926-win32/bin/../lib/gcc/arm-none-eabi/5.4.1/../../../../arm-none-eabi/lib/armv7-m\libc.a(lib_a-printf.o)
                0x0800388c                printf
 .text._puts_r  0x080038b4       0x68 d:/gcc-arm-none-eabi-5_4-2016q3-20160926-win32/bin/../lib/gcc/arm-none-eabi/5.4.1/../../../../arm-none-eabi/lib/armv7-m\libc.a(lib_a-puts.o)
                0x080038b4                _puts_r
 .text.puts     0x0800391c       0x10 d:/gcc-arm-none-eabi-5_4-2016q3-20160926-win32/bin/../lib/gcc/arm-none-eabi/5.4.1/../../../../arm-none-eabi/lib/armv7-m\libc.a(lib_a-puts.o)
                0x0800391c                puts
 .text.setvbuf  0x0800392c      0x150 d:/gcc-arm-none-eabi-5_4-2016q3-20160926-win32/bin/../lib/gcc/arm-none-eabi/5.4.1/../../../../arm-none-eabi/lib/armv7-m\libc.a(lib_a-setvbuf.o)
                0x0800392c                setvbuf
 .text.strlen   0x08003a7c       0x5c d:/gcc-arm-none-eabi-5_4-2016q3-20160926-win32/bin/../lib/gcc/arm-none-eabi/5.4.1/../../../../arm-none-eabi/lib/armv7-m\libc.a(lib_a-strlen-stub.o)
                0x08003a7c                strlen
 .text._vfprintf_r
                0x08003ad8     0x1798 d:/gcc-arm-none-eabi-5_4-2016q3-20160926-win32/bin/../lib/gcc/arm-none-eabi/5.4.1/../../../../arm-none-eabi/lib/armv7-m\libc.a(lib_a-vfprintf.o)
                0x08003ad8                _vfprintf_r
 .text.__sbprintf
                0x08005270       0x6c d:/gcc-arm-none-eabi-5_4-2016q3-20160926-win32/bin/../lib/gcc/arm-none-eabi/5.4.1/../../../../arm-none-eabi/lib/armv7-m\libc.a(lib_a-vfprintf.o)
 .text.__swsetup_r
                0x080052dc       0xc8 d:/gcc-arm-none-eabi-5_4-2016q3-20160926-win32/bin/../lib/gcc/arm-none-eabi/5.4.1/../../../../arm-none-eabi/lib/armv7-m\libc.a(lib_a-wsetup.o)
                0x080052dc                __swsetup_r
 .text.startup.register_fini
                0x080053a4       0x14 d:/gcc-arm-none-eabi-5_4-2016q3-20160926-win32/bin/../lib/gcc/arm-none-eabi/5.4.1/../../../../arm-none-eabi/lib/armv7-m\libc.a(lib_a-__call_atexit.o)
 .text.atexit   0x080053b8        0xc d:/gcc-arm-none-eabi-5_4-2016q3-20160926-win32/bin/../lib/gcc/arm-none-eabi/5.4.1/../../../../arm-none-eabi/lib/armv7-m\libc.a(lib_a-atexit.o)
                0x080053b8                atexit
 .text.quorem   0x080053c4      0x12c d:/gcc-arm-none-eabi-5_4-2016q3-20160926-win32/bin/../lib/gcc/arm-none-eabi/5.4.1/../../../../arm-none-eabi/lib/armv7-m\libc.a(lib_a-dtoa.o)
 .text._dtoa_r  0x080054f0      0xe4c d:/gcc-arm-none-eabi-5_4-2016q3-20160926-win32/bin/../lib/gcc/arm-none-eabi/5.4.1/../../../../arm-none-eabi/lib/armv7-m\libc.a(lib_a-dtoa.o)
                0x080054f0                _dtoa_r
 .text.__sflush_r
                0x0800633c      0x148 d:/gcc-arm-none-eabi-5_4-2016q3-20160926-win32/bin/../lib/gcc/arm-none-eabi/5.4.1/../../../../arm-none-eabi/lib/armv7-m\libc.a(lib_a-fflush.o)
                0x0800633c                __sflush_r
 .text._fflush_r
                0x08006484       0x2c d:/gcc-arm-none-eabi-5_4-2016q3-20160926-win32/bin/../lib/gcc/arm-none-eabi/5.4.1/../../../../arm-none-eabi/lib/armv7-m\libc.a(lib_a-fflush.o)
                0x08006484                _fflush_r
 .text._cleanup_r
                0x080064b0        0xc d:/gcc-arm-none-eabi-5_4-2016q3-20160926-win32/bin/../lib/gcc/arm-none-eabi/5.4.1/../../../../arm-none-eabi/lib/armv7-m\libc.a(lib_a-findfp.o)
                0x080064b0                _cleanup_r
 .text.__sinit.part.1
                0x080064bc       0xf0 d:/gcc-arm-none-eabi-5_4-2016q3-20160926-win32/bin/../lib/gcc/arm-none-eabi/5.4.1/../../../../arm-none-eabi/lib/armv7-m\libc.a(lib_a-findfp.o)
 .text.__sinit  0x080065ac        0xc d:/gcc-arm-none-eabi-5_4-2016q3-20160926-win32/bin/../lib/gcc/arm-none-eabi/5.4.1/../../../../arm-none-eabi/lib/armv7-m\libc.a(lib_a-findfp.o)
                0x080065ac                __sinit
 .text.__sfp_lock_acquire
                0x080065b8        0x4 d:/gcc-arm-none-eabi-5_4-2016q3-20160926-win32/bin/../lib/gcc/arm-none-eabi/5.4.1/../../../../arm-none-eabi/lib/armv7-m\libc.a(lib_a-findfp.o)
                0x080065b8                __sfp_lock_acquire
 .text.__sfp_lock_release
                0x080065bc        0x4 d:/gcc-arm-none-eabi-5_4-2016q3-20160926-win32/bin/../lib/gcc/arm-none-eabi/5.4.1/../../../../arm-none-eabi/lib/armv7-m\libc.a(lib_a-findfp.o)
                0x080065bc                __sfp_lock_release
 .text.__libc_fini_array
                0x080065c0       0x28 d:/gcc-arm-none-eabi-5_4-2016q3-20160926-win32/bin/../lib/gcc/arm-none-eabi/5.4.1/../../../../arm-none-eabi/lib/armv7-m\libc.a(lib_a-fini.o)
                0x080065c0                __libc_fini_array
 .text._malloc_trim_r
                0x080065e8       0x9c d:/gcc-arm-none-eabi-5_4-2016q3-20160926-win32/bin/../lib/gcc/arm-none-eabi/5.4.1/../../../../arm-none-eabi/lib/armv7-m\libc.a(lib_a-freer.o)
                0x080065e8                _malloc_trim_r
 .text._free_r  0x08006684      0x1d0 d:/gcc-arm-none-eabi-5_4-2016q3-20160926-win32/bin/../lib/gcc/arm-none-eabi/5.4.1/../../../../arm-none-eabi/lib/armv7-m\libc.a(lib_a-freer.o)
                0x08006684                _free_r
 .text.__sfvwrite_r
                0x08006854      0x308 d:/gcc-arm-none-eabi-5_4-2016q3-20160926-win32/bin/../lib/gcc/arm-none-eabi/5.4.1/../../../../arm-none-eabi/lib/armv7-m\libc.a(lib_a-fvwrite.o)
                0x08006854                __sfvwrite_r
 .text._fwalk_reent
                0x08006b5c       0x50 d:/gcc-arm-none-eabi-5_4-2016q3-20160926-win32/bin/../lib/gcc/arm-none-eabi/5.4.1/../../../../arm-none-eabi/lib/armv7-m\libc.a(lib_a-fwalk.o)
                0x08006b5c                _fwalk_reent
 .text._localeconv_r
                0x08006bac       0x1c d:/gcc-arm-none-eabi-5_4-2016q3-20160926-win32/bin/../lib/gcc/arm-none-eabi/5.4.1/../../../../arm-none-eabi/lib/armv7-m\libc.a(lib_a-localeconv.o)
                0x08006bac                _localeconv_r
 .text.__swhatbuf_r
                0x08006bc8       0x60 d:/gcc-arm-none-eabi-5_4-2016q3-20160926-win32/bin/../lib/gcc/arm-none-eabi/5.4.1/../../../../arm-none-eabi/lib/armv7-m\libc.a(lib_a-makebuf.o)
                0x08006bc8                __swhatbuf_r
 .text.__smakebuf_r
                0x08006c28       0x88 d:/gcc-arm-none-eabi-5_4-2016q3-20160926-win32/bin/../lib/gcc/arm-none-eabi/5.4.1/../../../../arm-none-eabi/lib/armv7-m\libc.a(lib_a-makebuf.o)
                0x08006c28                __smakebuf_r
 .text.malloc   0x08006cb0       0x10 d:/gcc-arm-none-eabi-5_4-2016q3-20160926-win32/bin/../lib/gcc/arm-none-eabi/5.4.1/../../../../arm-none-eabi/lib/armv7-m\libc.a(lib_a-malloc.o)
                0x08006cb0                malloc
 .text._malloc_r
                0x08006cc0      0x558 d:/gcc-arm-none-eabi-5_4-2016q3-20160926-win32/bin/../lib/gcc/arm-none-eabi/5.4.1/../../../../arm-none-eabi/lib/armv7-m\libc.a(lib_a-mallocr.o)
                0x08006cc0                _malloc_r
 .text.memchr   0x08007218       0x8c d:/gcc-arm-none-eabi-5_4-2016q3-20160926-win32/bin/../lib/gcc/arm-none-eabi/5.4.1/../../../../arm-none-eabi/lib/armv7-m\libc.a(lib_a-memchr-stub.o)
                0x08007218                memchr
 .text.memmove  0x080072a4       0xc8 d:/gcc-arm-none-eabi-5_4-2016q3-20160926-win32/bin/../lib/gcc/arm-none-eabi/5.4.1/../../../../arm-none-eabi/lib/armv7-m\libc.a(lib_a-memmove.o)
                0x080072a4                memmove
 .text.__malloc_lock
                0x0800736c        0x4 d:/gcc-arm-none-eabi-5_4-2016q3-20160926-win32/bin/../lib/gcc/arm-none-eabi/5.4.1/../../../../arm-none-eabi/lib/armv7-m\libc.a(lib_a-mlock.o)
                0x0800736c                __malloc_lock
 .text.__malloc_unlock
                0x08007370        0x4 d:/gcc-arm-none-eabi-5_4-2016q3-20160926-win32/bin/../lib/gcc/arm-none-eabi/5.4.1/../../../../arm-none-eabi/lib/armv7-m\libc.a(lib_a-mlock.o)
                0x08007370                __malloc_unlock
 .text._Balloc  0x08007374       0x50 d:/gcc-arm-none-eabi-5_4-2016q3-20160926-win32/bin/../lib/gcc/arm-none-eabi/5.4.1/../../../../arm-none-eabi/lib/armv7-m\libc.a(lib_a-mprec.o)
                0x08007374                _Balloc
 .text._Bfree   0x080073c4       0x14 d:/gcc-arm-none-eabi-5_4-2016q3-20160926-win32/bin/../lib/gcc/arm-none-eabi/5.4.1/../../../../arm-none-eabi/lib/armv7-m\libc.a(lib_a-mprec.o)
                0x080073c4                _Bfree
 .text.__multadd
                0x080073d8       0x80 d:/gcc-arm-none-eabi-5_4-2016q3-20160926-win32/bin/../lib/gcc/arm-none-eabi/5.4.1/../../../../arm-none-eabi/lib/armv7-m\libc.a(lib_a-mprec.o)
                0x080073d8                __multadd
 .text.__hi0bits
                0x08007458       0x40 d:/gcc-arm-none-eabi-5_4-2016q3-20160926-win32/bin/../lib/gcc/arm-none-eabi/5.4.1/../../../../arm-none-eabi/lib/armv7-m\libc.a(lib_a-mprec.o)
                0x08007458                __hi0bits
 .text.__lo0bits
                0x08007498       0x5c d:/gcc-arm-none-eabi-5_4-2016q3-20160926-win32/bin/../lib/gcc/arm-none-eabi/5.4.1/../../../../arm-none-eabi/lib/armv7-m\libc.a(lib_a-mprec.o)
                0x08007498                __lo0bits
 .text.__i2b    0x080074f4       0x14 d:/gcc-arm-none-eabi-5_4-2016q3-20160926-win32/bin/../lib/gcc/arm-none-eabi/5.4.1/../../../../arm-none-eabi/lib/armv7-m\libc.a(lib_a-mprec.o)
                0x080074f4                __i2b
 .text.__multiply
                0x08007508      0x13c d:/gcc-arm-none-eabi-5_4-2016q3-20160926-win32/bin/../lib/gcc/arm-none-eabi/5.4.1/../../../../arm-none-eabi/lib/armv7-m\libc.a(lib_a-mprec.o)
                0x08007508                __multiply
 .text.__pow5mult
                0x08007644       0xa0 d:/gcc-arm-none-eabi-5_4-2016q3-20160926-win32/bin/../lib/gcc/arm-none-eabi/5.4.1/../../../../arm-none-eabi/lib/armv7-m\libc.a(lib_a-mprec.o)
                0x08007644                __pow5mult
 .text.__lshift
                0x080076e4       0xac d:/gcc-arm-none-eabi-5_4-2016q3-20160926-win32/bin/../lib/gcc/arm-none-eabi/5.4.1/../../../../arm-none-eabi/lib/armv7-m\libc.a(lib_a-mprec.o)
                0x080076e4                __lshift
 .text.__mcmp   0x08007790       0x40 d:/gcc-arm-none-eabi-5_4-2016q3-20160926-win32/bin/../lib/gcc/arm-none-eabi/5.4.1/../../../../arm-none-eabi/lib/armv7-m\libc.a(lib_a-mprec.o)
                0x08007790                __mcmp
 .text.__mdiff  0x080077d0      0x128 d:/gcc-arm-none-eabi-5_4-2016q3-20160926-win32/bin/../lib/gcc/arm-none-eabi/5.4.1/../../../../arm-none-eabi/lib/armv7-m\libc.a(lib_a-mprec.o)
                0x080077d0                __mdiff
 .text.__d2b    0x080078f8       0xa8 d:/gcc-arm-none-eabi-5_4-2016q3-20160926-win32/bin/../lib/gcc/arm-none-eabi/5.4.1/../../../../arm-none-eabi/lib/armv7-m\libc.a(lib_a-mprec.o)
                0x080078f8                __d2b
 .text._realloc_r
                0x080079a0      0x3d4 d:/gcc-arm-none-eabi-5_4-2016q3-20160926-win32/bin/../lib/gcc/arm-none-eabi/5.4.1/../../../../arm-none-eabi/lib/armv7-m\libc.a(lib_a-reallocr.o)
                0x080079a0                _realloc_r
 .text._sbrk_r  0x08007d74       0x24 d:/gcc-arm-none-eabi-5_4-2016q3-20160926-win32/bin/../lib/gcc/arm-none-eabi/5.4.1/../../../../arm-none-eabi/lib/armv7-m\libc.a(lib_a-sbrkr.o)
                0x08007d74                _sbrk_r
 .text.__sread  0x08007d98       0x24 d:/gcc-arm-none-eabi-5_4-2016q3-20160926-win32/bin/../lib/gcc/arm-none-eabi/5.4.1/../../../../arm-none-eabi/lib/armv7-m\libc.a(lib_a-stdio.o)
                0x08007d98                __sread
 .text.__swrite
                0x08007dbc       0x3c d:/gcc-arm-none-eabi-5_4-2016q3-20160926-win32/bin/../lib/gcc/arm-none-eabi/5.4.1/../../../../arm-none-eabi/lib/armv7-m\libc.a(lib_a-stdio.o)
                0x08007dbc                __swrite
 .text.__sseek  0x08007df8       0x20 d:/gcc-arm-none-eabi-5_4-2016q3-20160926-win32/bin/../lib/gcc/arm-none-eabi/5.4.1/../../../../arm-none-eabi/lib/armv7-m\libc.a(lib_a-stdio.o)
                0x08007df8                __sseek
 .text.__sclose
                0x08007e18        0x8 d:/gcc-arm-none-eabi-5_4-2016q3-20160926-win32/bin/../lib/gcc/arm-none-eabi/5.4.1/../../../../arm-none-eabi/lib/armv7-m\libc.a(lib_a-stdio.o)
                0x08007e18                __sclose
 .text.__sprint_r.part.0
                0x08007e20       0x78 d:/gcc-arm-none-eabi-5_4-2016q3-20160926-win32/bin/../lib/gcc/arm-none-eabi/5.4.1/../../../../arm-none-eabi/lib/armv7-m\libc.a(lib_a-vfiprintf.o)
 .text.__sprint_r
                0x08007e98       0x14 d:/gcc-arm-none-eabi-5_4-2016q3-20160926-win32/bin/../lib/gcc/arm-none-eabi/5.4.1/../../../../arm-none-eabi/lib/armv7-m\libc.a(lib_a-vfiprintf.o)
                0x08007e98                __sprint_r
 .text._write_r
                0x08007eac       0x2c d:/gcc-arm-none-eabi-5_4-2016q3-20160926-win32/bin/../lib/gcc/arm-none-eabi/5.4.1/../../../../arm-none-eabi/lib/armv7-m\libc.a(lib_a-writer.o)
                0x08007eac                _write_r
 .text.__register_exitproc
                0x08007ed8       0xa4 d:/gcc-arm-none-eabi-5_4-2016q3-20160926-win32/bin/../lib/gcc/arm-none-eabi/5.4.1/../../../../arm-none-eabi/lib/armv7-m\libc.a(lib_a-__atexit.o)
                0x08007ed8                __register_exitproc
 .text._calloc_r
                0x08007f7c       0x60 d:/gcc-arm-none-eabi-5_4-2016q3-20160926-win32/bin/../lib/gcc/arm-none-eabi/5.4.1/../../../../arm-none-eabi/lib/armv7-m\libc.a(lib_a-callocr.o)
                0x08007f7c                _calloc_r
 .text._close_r
                0x08007fdc       0x24 d:/gcc-arm-none-eabi-5_4-2016q3-20160926-win32/bin/../lib/gcc/arm-none-eabi/5.4.1/../../../../arm-none-eabi/lib/armv7-m\libc.a(lib_a-closer.o)
                0x08007fdc                _close_r
 .text._fclose_r
                0x08008000       0x84 d:/gcc-arm-none-eabi-5_4-2016q3-20160926-win32/bin/../lib/gcc/arm-none-eabi/5.4.1/../../../../arm-none-eabi/lib/armv7-m\libc.a(lib_a-fclose.o)
                0x08008000                _fclose_r
 .text.__fputwc
                0x08008084       0x94 d:/gcc-arm-none-eabi-5_4-2016q3-20160926-win32/bin/../lib/gcc/arm-none-eabi/5.4.1/../../../../arm-none-eabi/lib/armv7-m\libc.a(lib_a-fputwc.o)
                0x08008084                __fputwc
 .text._fputwc_r
                0x08008118       0x24 d:/gcc-arm-none-eabi-5_4-2016q3-20160926-win32/bin/../lib/gcc/arm-none-eabi/5.4.1/../../../../arm-none-eabi/lib/armv7-m\libc.a(lib_a-fputwc.o)
                0x08008118                _fputwc_r
 .text._fstat_r
                0x0800813c       0x28 d:/gcc-arm-none-eabi-5_4-2016q3-20160926-win32/bin/../lib/gcc/arm-none-eabi/5.4.1/../../../../arm-none-eabi/lib/armv7-m\libc.a(lib_a-fstatr.o)
                0x0800813c                _fstat_r
 .text._isatty_r
                0x08008164       0x24 d:/gcc-arm-none-eabi-5_4-2016q3-20160926-win32/bin/../lib/gcc/arm-none-eabi/5.4.1/../../../../arm-none-eabi/lib/armv7-m\libc.a(lib_a-isattyr.o)
                0x08008164                _isatty_r
 .text.__locale_mb_cur_max
                0x08008188       0x1c d:/gcc-arm-none-eabi-5_4-2016q3-20160926-win32/bin/../lib/gcc/arm-none-eabi/5.4.1/../../../../arm-none-eabi/lib/armv7-m\libc.a(lib_a-locale.o)
                0x08008188                __locale_mb_cur_max
 .text._lseek_r
                0x080081a4       0x2c d:/gcc-arm-none-eabi-5_4-2016q3-20160926-win32/bin/../lib/gcc/arm-none-eabi/5.4.1/../../../../arm-none-eabi/lib/armv7-m\libc.a(lib_a-lseekr.o)
                0x080081a4                _lseek_r
 .text.__ascii_mbtowc
                0x080081d0       0x2c d:/gcc-arm-none-eabi-5_4-2016q3-20160926-win32/bin/../lib/gcc/arm-none-eabi/5.4.1/../../../../arm-none-eabi/lib/armv7-m\libc.a(lib_a-mbtowc_r.o)
                0x080081d0                __ascii_mbtowc
 .text._read_r  0x080081fc       0x2c d:/gcc-arm-none-eabi-5_4-2016q3-20160926-win32/bin/../lib/gcc/arm-none-eabi/5.4.1/../../../../arm-none-eabi/lib/armv7-m\libc.a(lib_a-readr.o)
                0x080081fc                _read_r
 .text.__swbuf_r
                0x08008228       0xac d:/gcc-arm-none-eabi-5_4-2016q3-20160926-win32/bin/../lib/gcc/arm-none-eabi/5.4.1/../../../../arm-none-eabi/lib/armv7-m\libc.a(lib_a-wbuf.o)
                0x08008228                __swbuf_r
 .text._wcrtomb_r
                0x080082d4       0x54 d:/gcc-arm-none-eabi-5_4-2016q3-20160926-win32/bin/../lib/gcc/arm-none-eabi/5.4.1/../../../../arm-none-eabi/lib/armv7-m\libc.a(lib_a-wcrtomb.o)
                0x080082d4                _wcrtomb_r
 .text.__ascii_wctomb
                0x08008328       0x1c d:/gcc-arm-none-eabi-5_4-2016q3-20160926-win32/bin/../lib/gcc/arm-none-eabi/5.4.1/../../../../arm-none-eabi/lib/armv7-m\libc.a(lib_a-wctomb_r.o)
                0x08008328                __ascii_wctomb
 *(.glue_7)
 .glue_7        0x08008344        0x0 linker stubs
 *(.glue_7t)
 .glue_7t       0x08008344        0x0 linker stubs
 *(.eh_frame)
 .eh_frame      0x08008344        0x0 d:/gcc-arm-none-eabi-5_4-2016q3-20160926-win32/bin/../lib/gcc/arm-none-eabi/5.4.1/armv7-m/crtbegin.o
 *(.init)
 .init          0x08008344        0x4 d:/gcc-arm-none-eabi-5_4-2016q3-20160926-win32/bin/../lib/gcc/arm-none-eabi/5.4.1/armv7-m/crti.o
                0x08008344                _init
 .init          0x08008348        0x8 d:/gcc-arm-none-eabi-5_4-2016q3-20160926-win32/bin/../lib/gcc/arm-none-eabi/5.4.1/armv7-m/crtn.o
 *(.fini)
 .fini          0x08008350        0x4 d:/gcc-arm-none-eabi-5_4-2016q3-20160926-win32/bin/../lib/gcc/arm-none-eabi/5.4.1/armv7-m/crti.o
                0x08008350                _fini
 .fini          0x08008354        0x8 d:/gcc-arm-none-eabi-5_4-2016q3-20160926-win32/bin/../lib/gcc/arm-none-eabi/5.4.1/armv7-m/crtn.o
                0x0800835c                . = ALIGN (0x4)
                0x0800835c                _etext = .

.vfp11_veneer   0x0800835c        0x0
 .vfp11_veneer  0x0800835c        0x0 linker stubs

.v4_bx          0x0800835c        0x0
 .v4_bx         0x0800835c        0x0 linker stubs

.iplt           0x0800835c        0x0
 .iplt          0x0800835c        0x0 d:/gcc-arm-none-eabi-5_4-2016q3-20160926-win32/bin/../lib/gcc/arm-none-eabi/5.4.1/armv7-m/crtbegin.o

.rodata         0x08008360      0x2f4
                0x08008360                . = ALIGN (0x4)
 *(.rodata)
 *(.rodata*)
 .rodata.str1.1
                0x08008360       0x40 src\main.o
                                 0x42 (size before relaxing)
 .rodata.str1.1
                0x080083a0       0x1f src\newlib_stubs.o
 *fill*         0x080083bf        0x1 
 .rodata._global_impure_ptr
                0x080083c0        0x4 d:/gcc-arm-none-eabi-5_4-2016q3-20160926-win32/bin/../lib/gcc/arm-none-eabi/5.4.1/../../../../arm-none-eabi/lib/armv7-m\libc.a(lib_a-impure.o)
                0x080083c0                _global_impure_ptr
 .rodata.str1.4
                0x080083c4        0x2 d:/gcc-arm-none-eabi-5_4-2016q3-20160926-win32/bin/../lib/gcc/arm-none-eabi/5.4.1/../../../../arm-none-eabi/lib/armv7-m\libc.a(lib_a-puts.o)
 *fill*         0x080083c6        0x2 
 .rodata.zeroes.7271
                0x080083c8       0x10 d:/gcc-arm-none-eabi-5_4-2016q3-20160926-win32/bin/../lib/gcc/arm-none-eabi/5.4.1/../../../../arm-none-eabi/lib/armv7-m\libc.a(lib_a-vfprintf.o)
 .rodata.str1.4
                0x080083d8       0x42 d:/gcc-arm-none-eabi-5_4-2016q3-20160926-win32/bin/../lib/gcc/arm-none-eabi/5.4.1/../../../../arm-none-eabi/lib/armv7-m\libc.a(lib_a-vfprintf.o)
 *fill*         0x0800841a        0x2 
 .rodata.blanks.7270
                0x0800841c       0x10 d:/gcc-arm-none-eabi-5_4-2016q3-20160926-win32/bin/../lib/gcc/arm-none-eabi/5.4.1/../../../../arm-none-eabi/lib/armv7-m\libc.a(lib_a-vfprintf.o)
 .rodata.str1.4
                0x0800842c       0x10 d:/gcc-arm-none-eabi-5_4-2016q3-20160926-win32/bin/../lib/gcc/arm-none-eabi/5.4.1/../../../../arm-none-eabi/lib/armv7-m\libc.a(lib_a-dtoa.o)
                                 0x12 (size before relaxing)
 *fill*         0x0800843c        0x4 
 .rodata.__mprec_tens
                0x08008440       0xc8 d:/gcc-arm-none-eabi-5_4-2016q3-20160926-win32/bin/../lib/gcc/arm-none-eabi/5.4.1/../../../../arm-none-eabi/lib/armv7-m\libc.a(lib_a-mprec.o)
                0x08008440                __mprec_tens
 .rodata.p05.6085
                0x08008508        0xc d:/gcc-arm-none-eabi-5_4-2016q3-20160926-win32/bin/../lib/gcc/arm-none-eabi/5.4.1/../../../../arm-none-eabi/lib/armv7-m\libc.a(lib_a-mprec.o)
 *fill*         0x08008514        0x4 
 .rodata.__mprec_bigtens
                0x08008518       0x28 d:/gcc-arm-none-eabi-5_4-2016q3-20160926-win32/bin/../lib/gcc/arm-none-eabi/5.4.1/../../../../arm-none-eabi/lib/armv7-m\libc.a(lib_a-mprec.o)
                0x08008518                __mprec_bigtens
 .rodata.str1.4
                0x08008540       0x10 d:/gcc-arm-none-eabi-5_4-2016q3-20160926-win32/bin/../lib/gcc/arm-none-eabi/5.4.1/../../../../arm-none-eabi/lib/armv7-m\libc.a(lib_a-locale.o)
                                 0x12 (size before relaxing)
 .rodata._ctype_
                0x08008550      0x101 d:/gcc-arm-none-eabi-5_4-2016q3-20160926-win32/bin/../lib/gcc/arm-none-eabi/5.4.1/../../../../arm-none-eabi/lib/armv7-m\libc.a(lib_a-ctype_.o)
                0x08008550                _ctype_
                0x08008654                . = ALIGN (0x4)
 *fill*         0x08008651        0x3 

.ARM.extab
 *(.ARM.extab* .gnu.linkonce.armextab.*)

.ARM            0x08008654        0x8
                0x08008654                __exidx_start = .
 *(.ARM.exidx*)
 .ARM.exidx     0x08008654        0x8 d:/gcc-arm-none-eabi-5_4-2016q3-20160926-win32/bin/../lib/gcc/arm-none-eabi/5.4.1/armv7-m\libgcc.a(_udivmoddi4.o)
                0x0800865c                __exidx_end = .

.rel.dyn        0x0800865c        0x0
 .rel.iplt      0x0800865c        0x0 d:/gcc-arm-none-eabi-5_4-2016q3-20160926-win32/bin/../lib/gcc/arm-none-eabi/5.4.1/armv7-m/crtbegin.o

.preinit_array  0x0800865c        0x0
                0x0800865c                PROVIDE (__preinit_array_start, .)
 *(.preinit_array*)
                0x0800865c                PROVIDE (__preinit_array_end, .)

.init_array     0x0800865c        0x8
                0x0800865c                PROVIDE (__init_array_start, .)
 *(SORT(.init_array.*))
 .init_array.00000
                0x0800865c        0x4 d:/gcc-arm-none-eabi-5_4-2016q3-20160926-win32/bin/../lib/gcc/arm-none-eabi/5.4.1/../../../../arm-none-eabi/lib/armv7-m\libc.a(lib_a-__call_atexit.o)
 *(.init_array*)
 .init_array    0x08008660        0x4 d:/gcc-arm-none-eabi-5_4-2016q3-20160926-win32/bin/../lib/gcc/arm-none-eabi/5.4.1/armv7-m/crtbegin.o
                0x08008664                PROVIDE (__init_array_end, .)

.fini_array     0x08008664        0x4
                0x08008664                PROVIDE (__fini_array_start, .)
 *(SORT(.fini_array.*))
 *(.fini_array*)
 .fini_array    0x08008664        0x4 d:/gcc-arm-none-eabi-5_4-2016q3-20160926-win32/bin/../lib/gcc/arm-none-eabi/5.4.1/armv7-m/crtbegin.o
                0x08008668                PROVIDE (__fini_array_end, .)
                0x08008668                _sidata = LOADADDR (.data)

.data           0x20000000      0x9d0 load address 0x08008668
                0x20000000                . = ALIGN (0x4)
                0x20000000                _sdata = .
 *(.data)
 .data          0x20000000       0x14 src\stm32\stm32f10x_rcc.o
 .data          0x20000014       0x14 src\system_stm32f10x.o
                0x20000014                SystemCoreClock
                0x20000018                AHBPrescTable
 *(.data*)
 .data.impure_data
                0x20000028      0x428 d:/gcc-arm-none-eabi-5_4-2016q3-20160926-win32/bin/../lib/gcc/arm-none-eabi/5.4.1/../../../../arm-none-eabi/lib/armv7-m\libc.a(lib_a-impure.o)
 .data._impure_ptr
                0x20000450        0x4 d:/gcc-arm-none-eabi-5_4-2016q3-20160926-win32/bin/../lib/gcc/arm-none-eabi/5.4.1/../../../../arm-none-eabi/lib/armv7-m\libc.a(lib_a-impure.o)
                0x20000450                _impure_ptr
 .data.__malloc_av_
                0x20000454      0x408 d:/gcc-arm-none-eabi-5_4-2016q3-20160926-win32/bin/../lib/gcc/arm-none-eabi/5.4.1/../../../../arm-none-eabi/lib/armv7-m\libc.a(lib_a-mallocr.o)
                0x20000454                __malloc_av_
 .data.__malloc_trim_threshold
                0x2000085c        0x4 d:/gcc-arm-none-eabi-5_4-2016q3-20160926-win32/bin/../lib/gcc/arm-none-eabi/5.4.1/../../../../arm-none-eabi/lib/armv7-m\libc.a(lib_a-mallocr.o)
                0x2000085c                __malloc_trim_threshold
 .data.__malloc_sbrk_base
                0x20000860        0x4 d:/gcc-arm-none-eabi-5_4-2016q3-20160926-win32/bin/../lib/gcc/arm-none-eabi/5.4.1/../../../../arm-none-eabi/lib/armv7-m\libc.a(lib_a-mallocr.o)
                0x20000860                __malloc_sbrk_base
 .data.__global_locale
                0x20000864      0x16c d:/gcc-arm-none-eabi-5_4-2016q3-20160926-win32/bin/../lib/gcc/arm-none-eabi/5.4.1/../../../../arm-none-eabi/lib/armv7-m\libc.a(lib_a-locale.o)
                0x20000864                __global_locale
                0x200009d0                . = ALIGN (0x4)
                0x200009d0                _edata = .

.jcr            0x200009d0        0x0 load address 0x08009038
 .jcr           0x200009d0        0x0 d:/gcc-arm-none-eabi-5_4-2016q3-20160926-win32/bin/../lib/gcc/arm-none-eabi/5.4.1/armv7-m/crtbegin.o

.igot.plt       0x200009d0        0x0 load address 0x08009038
 .igot.plt      0x200009d0        0x0 d:/gcc-arm-none-eabi-5_4-2016q3-20160926-win32/bin/../lib/gcc/arm-none-eabi/5.4.1/armv7-m/crtbegin.o
                0x200009d0                . = ALIGN (0x4)

.bss            0x200009d0      0x3bc load address 0x08009038
                0x200009d0                _sbss = .
                0x200009d0                __bss_start__ = _sbss
 *(.bss)
 .bss           0x200009d0       0x1c d:/gcc-arm-none-eabi-5_4-2016q3-20160926-win32/bin/../lib/gcc/arm-none-eabi/5.4.1/armv7-m/crtbegin.o
 .bss           0x200009ec        0x4 src\main.o
                0x200009ec                flag_in
 .bss           0x200009f0        0x8 src\newlib_stubs.o
                0x200009f4                __env
 .bss           0x200009f8        0x2 src\xbee.o
                0x200009f8                cnt
 *(.bss*)
 *fill*         0x200009fa        0x2 
 .bss.__malloc_max_total_mem
                0x200009fc        0x4 d:/gcc-arm-none-eabi-5_4-2016q3-20160926-win32/bin/../lib/gcc/arm-none-eabi/5.4.1/../../../../arm-none-eabi/lib/armv7-m\libc.a(lib_a-mallocr.o)
                0x200009fc                __malloc_max_total_mem
 .bss.__malloc_max_sbrked_mem
                0x20000a00        0x4 d:/gcc-arm-none-eabi-5_4-2016q3-20160926-win32/bin/../lib/gcc/arm-none-eabi/5.4.1/../../../../arm-none-eabi/lib/armv7-m\libc.a(lib_a-mallocr.o)
                0x20000a00                __malloc_max_sbrked_mem
 .bss.__malloc_top_pad
                0x20000a04        0x4 d:/gcc-arm-none-eabi-5_4-2016q3-20160926-win32/bin/../lib/gcc/arm-none-eabi/5.4.1/../../../../arm-none-eabi/lib/armv7-m\libc.a(lib_a-mallocr.o)
                0x20000a04                __malloc_top_pad
 .bss.__malloc_current_mallinfo
                0x20000a08       0x28 d:/gcc-arm-none-eabi-5_4-2016q3-20160926-win32/bin/../lib/gcc/arm-none-eabi/5.4.1/../../../../arm-none-eabi/lib/armv7-m\libc.a(lib_a-mallocr.o)
                0x20000a08                __malloc_current_mallinfo
 *(COMMON)
 COMMON         0x20000a30        0x4 src\conf.o
                0x20000a30                NVIC_InitStructure
 COMMON         0x20000a34      0x354 src\main.o
                0x20000a34                j
                0x20000a38                xbee_coord
                0x20000a40                ds2
                0x20000a54                i
                0x20000a58                inout
                0x20000ac4                GPIO_InitStructure
                0x20000ac8                var
                0x20000b00                payload
                0x20000b64                func
                0x20000b90                ds1
                0x20000ba4                xbee
                0x20000d50                var_aux
 COMMON         0x20000d88        0x4 d:/gcc-arm-none-eabi-5_4-2016q3-20160926-win32/bin/../lib/gcc/arm-none-eabi/5.4.1/../../../../arm-none-eabi/lib/armv7-m\libc.a(lib_a-reent.o)
                0x20000d88                errno
                0x20000d8c                . = ALIGN (0x4)
                0x20000d8c                _ebss = .
                0x20000d8c                __bss_end__ = _ebss

._user_heap_stack
                0x20000d8c       0x80 load address 0x08009038
                0x20000d8c                . = ALIGN (0x4)
                [!provide]                PROVIDE (end, .)
                [!provide]                PROVIDE (_end, .)
                0x20000d8c                . = (. + _Min_Heap_Size)
                0x20000e0c                . = (. + _Min_Stack_Size)
 *fill*         0x20000d8c       0x80 
                0x20000e0c                . = ALIGN (0x4)

.memory_b1_text
 *(.mb1text)
 *(.mb1text*)
 *(.mb1rodata)
 *(.mb1rodata*)

/DISCARD/
 libc.a(*)
 libm.a(*)
 libgcc.a(*)

.ARM.attributes
                0x00000000       0x29
 *(.ARM.attributes)
 .ARM.attributes
                0x00000000       0x1d d:/gcc-arm-none-eabi-5_4-2016q3-20160926-win32/bin/../lib/gcc/arm-none-eabi/5.4.1/armv7-m/crti.o
 .ARM.attributes
                0x0000001d       0x2d d:/gcc-arm-none-eabi-5_4-2016q3-20160926-win32/bin/../lib/gcc/arm-none-eabi/5.4.1/armv7-m/crtbegin.o
 .ARM.attributes
                0x0000004a       0x33 src\conf.o
 .ARM.attributes
                0x0000007d       0x33 src\func.o
 .ARM.attributes
                0x000000b0       0x33 src\main.o
 .ARM.attributes
                0x000000e3       0x33 src\newlib_stubs.o
 .ARM.attributes
                0x00000116       0x33 src\shiftout.o
 .ARM.attributes
                0x00000149       0x21 src\startup_stm32f10x_md_vl.o
 .ARM.attributes
                0x0000016a       0x33 src\stm32\misc.o
 .ARM.attributes
                0x0000019d       0x33 src\stm32\stm32f10x_adc.o
 .ARM.attributes
                0x000001d0       0x33 src\stm32\stm32f10x_exti.o
 .ARM.attributes
                0x00000203       0x33 src\stm32\stm32f10x_gpio.o
 .ARM.attributes
                0x00000236       0x33 src\stm32\stm32f10x_rcc.o
 .ARM.attributes
                0x00000269       0x33 src\stm32\stm32f10x_tim.o
 .ARM.attributes
                0x0000029c       0x33 src\stm32\stm32f10x_usart.o
 .ARM.attributes
                0x000002cf       0x33 src\stm32f1xx_it.o
 .ARM.attributes
                0x00000302       0x33 src\system_stm32f10x.o
 .ARM.attributes
                0x00000335       0x33 src\xbee.o
 .ARM.attributes
                0x00000368       0x2d d:/gcc-arm-none-eabi-5_4-2016q3-20160926-win32/bin/../lib/gcc/arm-none-eabi/5.4.1/../../../../arm-none-eabi/lib/armv7-m\libc.a(lib_a-errno.o)
 .ARM.attributes
                0x00000395       0x2d d:/gcc-arm-none-eabi-5_4-2016q3-20160926-win32/bin/../lib/gcc/arm-none-eabi/5.4.1/../../../../arm-none-eabi/lib/armv7-m\libc.a(lib_a-impure.o)
 .ARM.attributes
                0x000003c2       0x2d d:/gcc-arm-none-eabi-5_4-2016q3-20160926-win32/bin/../lib/gcc/arm-none-eabi/5.4.1/../../../../arm-none-eabi/lib/armv7-m\libc.a(lib_a-init.o)
 .ARM.attributes
                0x000003ef       0x2d d:/gcc-arm-none-eabi-5_4-2016q3-20160926-win32/bin/../lib/gcc/arm-none-eabi/5.4.1/../../../../arm-none-eabi/lib/armv7-m\libc.a(lib_a-memset.o)
 .ARM.attributes
                0x0000041c       0x2d d:/gcc-arm-none-eabi-5_4-2016q3-20160926-win32/bin/../lib/gcc/arm-none-eabi/5.4.1/../../../../arm-none-eabi/lib/armv7-m\libc.a(lib_a-printf.o)
 .ARM.attributes
                0x00000449       0x2d d:/gcc-arm-none-eabi-5_4-2016q3-20160926-win32/bin/../lib/gcc/arm-none-eabi/5.4.1/../../../../arm-none-eabi/lib/armv7-m\libc.a(lib_a-puts.o)
 .ARM.attributes
                0x00000476       0x2d d:/gcc-arm-none-eabi-5_4-2016q3-20160926-win32/bin/../lib/gcc/arm-none-eabi/5.4.1/../../../../arm-none-eabi/lib/armv7-m\libc.a(lib_a-setvbuf.o)
 .ARM.attributes
                0x000004a3       0x2d d:/gcc-arm-none-eabi-5_4-2016q3-20160926-win32/bin/../lib/gcc/arm-none-eabi/5.4.1/../../../../arm-none-eabi/lib/armv7-m\libc.a(lib_a-strlen-stub.o)
 .ARM.attributes
                0x000004d0       0x2d d:/gcc-arm-none-eabi-5_4-2016q3-20160926-win32/bin/../lib/gcc/arm-none-eabi/5.4.1/../../../../arm-none-eabi/lib/armv7-m\libc.a(lib_a-vfprintf.o)
 .ARM.attributes
                0x000004fd       0x2d d:/gcc-arm-none-eabi-5_4-2016q3-20160926-win32/bin/../lib/gcc/arm-none-eabi/5.4.1/../../../../arm-none-eabi/lib/armv7-m\libc.a(lib_a-wsetup.o)
 .ARM.attributes
                0x0000052a       0x2d d:/gcc-arm-none-eabi-5_4-2016q3-20160926-win32/bin/../lib/gcc/arm-none-eabi/5.4.1/../../../../arm-none-eabi/lib/armv7-m\libc.a(lib_a-__call_atexit.o)
 .ARM.attributes
                0x00000557       0x2d d:/gcc-arm-none-eabi-5_4-2016q3-20160926-win32/bin/../lib/gcc/arm-none-eabi/5.4.1/../../../../arm-none-eabi/lib/armv7-m\libc.a(lib_a-atexit.o)
 .ARM.attributes
                0x00000584       0x2d d:/gcc-arm-none-eabi-5_4-2016q3-20160926-win32/bin/../lib/gcc/arm-none-eabi/5.4.1/../../../../arm-none-eabi/lib/armv7-m\libc.a(lib_a-dtoa.o)
 .ARM.attributes
                0x000005b1       0x2d d:/gcc-arm-none-eabi-5_4-2016q3-20160926-win32/bin/../lib/gcc/arm-none-eabi/5.4.1/../../../../arm-none-eabi/lib/armv7-m\libc.a(lib_a-fflush.o)
 .ARM.attributes
                0x000005de       0x2d d:/gcc-arm-none-eabi-5_4-2016q3-20160926-win32/bin/../lib/gcc/arm-none-eabi/5.4.1/../../../../arm-none-eabi/lib/armv7-m\libc.a(lib_a-findfp.o)
 .ARM.attributes
                0x0000060b       0x2d d:/gcc-arm-none-eabi-5_4-2016q3-20160926-win32/bin/../lib/gcc/arm-none-eabi/5.4.1/../../../../arm-none-eabi/lib/armv7-m\libc.a(lib_a-fini.o)
 .ARM.attributes
                0x00000638       0x2d d:/gcc-arm-none-eabi-5_4-2016q3-20160926-win32/bin/../lib/gcc/arm-none-eabi/5.4.1/../../../../arm-none-eabi/lib/armv7-m\libc.a(lib_a-freer.o)
 .ARM.attributes
                0x00000665       0x2d d:/gcc-arm-none-eabi-5_4-2016q3-20160926-win32/bin/../lib/gcc/arm-none-eabi/5.4.1/../../../../arm-none-eabi/lib/armv7-m\libc.a(lib_a-fvwrite.o)
 .ARM.attributes
                0x00000692       0x2d d:/gcc-arm-none-eabi-5_4-2016q3-20160926-win32/bin/../lib/gcc/arm-none-eabi/5.4.1/../../../../arm-none-eabi/lib/armv7-m\libc.a(lib_a-fwalk.o)
 .ARM.attributes
                0x000006bf       0x2d d:/gcc-arm-none-eabi-5_4-2016q3-20160926-win32/bin/../lib/gcc/arm-none-eabi/5.4.1/../../../../arm-none-eabi/lib/armv7-m\libc.a(lib_a-localeconv.o)
 .ARM.attributes
                0x000006ec       0x2d d:/gcc-arm-none-eabi-5_4-2016q3-20160926-win32/bin/../lib/gcc/arm-none-eabi/5.4.1/../../../../arm-none-eabi/lib/armv7-m\libc.a(lib_a-makebuf.o)
 .ARM.attributes
                0x00000719       0x2d d:/gcc-arm-none-eabi-5_4-2016q3-20160926-win32/bin/../lib/gcc/arm-none-eabi/5.4.1/../../../../arm-none-eabi/lib/armv7-m\libc.a(lib_a-malloc.o)
 .ARM.attributes
                0x00000746       0x2d d:/gcc-arm-none-eabi-5_4-2016q3-20160926-win32/bin/../lib/gcc/arm-none-eabi/5.4.1/../../../../arm-none-eabi/lib/armv7-m\libc.a(lib_a-mallocr.o)
 .ARM.attributes
                0x00000773       0x2d d:/gcc-arm-none-eabi-5_4-2016q3-20160926-win32/bin/../lib/gcc/arm-none-eabi/5.4.1/../../../../arm-none-eabi/lib/armv7-m\libc.a(lib_a-memchr-stub.o)
 .ARM.attributes
                0x000007a0       0x1b d:/gcc-arm-none-eabi-5_4-2016q3-20160926-win32/bin/../lib/gcc/arm-none-eabi/5.4.1/../../../../arm-none-eabi/lib/armv7-m\libc.a(lib_a-memcpy.o)
 .ARM.attributes
                0x000007bb       0x2d d:/gcc-arm-none-eabi-5_4-2016q3-20160926-win32/bin/../lib/gcc/arm-none-eabi/5.4.1/../../../../arm-none-eabi/lib/armv7-m\libc.a(lib_a-memmove.o)
 .ARM.attributes
                0x000007e8       0x2d d:/gcc-arm-none-eabi-5_4-2016q3-20160926-win32/bin/../lib/gcc/arm-none-eabi/5.4.1/../../../../arm-none-eabi/lib/armv7-m\libc.a(lib_a-mlock.o)
 .ARM.attributes
                0x00000815       0x2d d:/gcc-arm-none-eabi-5_4-2016q3-20160926-win32/bin/../lib/gcc/arm-none-eabi/5.4.1/../../../../arm-none-eabi/lib/armv7-m\libc.a(lib_a-mprec.o)
 .ARM.attributes
                0x00000842       0x2d d:/gcc-arm-none-eabi-5_4-2016q3-20160926-win32/bin/../lib/gcc/arm-none-eabi/5.4.1/../../../../arm-none-eabi/lib/armv7-m\libc.a(lib_a-reallocr.o)
 .ARM.attributes
                0x0000086f       0x2d d:/gcc-arm-none-eabi-5_4-2016q3-20160926-win32/bin/../lib/gcc/arm-none-eabi/5.4.1/../../../../arm-none-eabi/lib/armv7-m\libc.a(lib_a-sbrkr.o)
 .ARM.attributes
                0x0000089c       0x2d d:/gcc-arm-none-eabi-5_4-2016q3-20160926-win32/bin/../lib/gcc/arm-none-eabi/5.4.1/../../../../arm-none-eabi/lib/armv7-m\libc.a(lib_a-stdio.o)
 .ARM.attributes
                0x000008c9       0x2d d:/gcc-arm-none-eabi-5_4-2016q3-20160926-win32/bin/../lib/gcc/arm-none-eabi/5.4.1/../../../../arm-none-eabi/lib/armv7-m\libc.a(lib_a-vfiprintf.o)
 .ARM.attributes
                0x000008f6       0x2d d:/gcc-arm-none-eabi-5_4-2016q3-20160926-win32/bin/../lib/gcc/arm-none-eabi/5.4.1/../../../../arm-none-eabi/lib/armv7-m\libc.a(lib_a-writer.o)
 .ARM.attributes
                0x00000923       0x2d d:/gcc-arm-none-eabi-5_4-2016q3-20160926-win32/bin/../lib/gcc/arm-none-eabi/5.4.1/../../../../arm-none-eabi/lib/armv7-m\libc.a(lib_a-__atexit.o)
 .ARM.attributes
                0x00000950       0x2d d:/gcc-arm-none-eabi-5_4-2016q3-20160926-win32/bin/../lib/gcc/arm-none-eabi/5.4.1/../../../../arm-none-eabi/lib/armv7-m\libc.a(lib_a-callocr.o)
 .ARM.attributes
                0x0000097d       0x2d d:/gcc-arm-none-eabi-5_4-2016q3-20160926-win32/bin/../lib/gcc/arm-none-eabi/5.4.1/../../../../arm-none-eabi/lib/armv7-m\libc.a(lib_a-closer.o)
 .ARM.attributes
                0x000009aa       0x2d d:/gcc-arm-none-eabi-5_4-2016q3-20160926-win32/bin/../lib/gcc/arm-none-eabi/5.4.1/../../../../arm-none-eabi/lib/armv7-m\libc.a(lib_a-fclose.o)
 .ARM.attributes
                0x000009d7       0x2d d:/gcc-arm-none-eabi-5_4-2016q3-20160926-win32/bin/../lib/gcc/arm-none-eabi/5.4.1/../../../../arm-none-eabi/lib/armv7-m\libc.a(lib_a-fputwc.o)
 .ARM.attributes
                0x00000a04       0x2d d:/gcc-arm-none-eabi-5_4-2016q3-20160926-win32/bin/../lib/gcc/arm-none-eabi/5.4.1/../../../../arm-none-eabi/lib/armv7-m\libc.a(lib_a-fstatr.o)
 .ARM.attributes
                0x00000a31       0x2d d:/gcc-arm-none-eabi-5_4-2016q3-20160926-win32/bin/../lib/gcc/arm-none-eabi/5.4.1/../../../../arm-none-eabi/lib/armv7-m\libc.a(lib_a-isattyr.o)
 .ARM.attributes
                0x00000a5e       0x2d d:/gcc-arm-none-eabi-5_4-2016q3-20160926-win32/bin/../lib/gcc/arm-none-eabi/5.4.1/../../../../arm-none-eabi/lib/armv7-m\libc.a(lib_a-locale.o)
 .ARM.attributes
                0x00000a8b       0x2d d:/gcc-arm-none-eabi-5_4-2016q3-20160926-win32/bin/../lib/gcc/arm-none-eabi/5.4.1/../../../../arm-none-eabi/lib/armv7-m\libc.a(lib_a-lseekr.o)
 .ARM.attributes
                0x00000ab8       0x2d d:/gcc-arm-none-eabi-5_4-2016q3-20160926-win32/bin/../lib/gcc/arm-none-eabi/5.4.1/../../../../arm-none-eabi/lib/armv7-m\libc.a(lib_a-mbtowc_r.o)
 .ARM.attributes
                0x00000ae5       0x2d d:/gcc-arm-none-eabi-5_4-2016q3-20160926-win32/bin/../lib/gcc/arm-none-eabi/5.4.1/../../../../arm-none-eabi/lib/armv7-m\libc.a(lib_a-readr.o)
 .ARM.attributes
                0x00000b12       0x2d d:/gcc-arm-none-eabi-5_4-2016q3-20160926-win32/bin/../lib/gcc/arm-none-eabi/5.4.1/../../../../arm-none-eabi/lib/armv7-m\libc.a(lib_a-reent.o)
 .ARM.attributes
                0x00000b3f       0x2d d:/gcc-arm-none-eabi-5_4-2016q3-20160926-win32/bin/../lib/gcc/arm-none-eabi/5.4.1/../../../../arm-none-eabi/lib/armv7-m\libc.a(lib_a-wbuf.o)
 .ARM.attributes
                0x00000b6c       0x2d d:/gcc-arm-none-eabi-5_4-2016q3-20160926-win32/bin/../lib/gcc/arm-none-eabi/5.4.1/../../../../arm-none-eabi/lib/armv7-m\libc.a(lib_a-wcrtomb.o)
 .ARM.attributes
                0x00000b99       0x2d d:/gcc-arm-none-eabi-5_4-2016q3-20160926-win32/bin/../lib/gcc/arm-none-eabi/5.4.1/../../../../arm-none-eabi/lib/armv7-m\libc.a(lib_a-wctomb_r.o)
 .ARM.attributes
                0x00000bc6       0x2d d:/gcc-arm-none-eabi-5_4-2016q3-20160926-win32/bin/../lib/gcc/arm-none-eabi/5.4.1/../../../../arm-none-eabi/lib/armv7-m\libc.a(lib_a-ctype_.o)
 .ARM.attributes
                0x00000bf3       0x1d d:/gcc-arm-none-eabi-5_4-2016q3-20160926-win32/bin/../lib/gcc/arm-none-eabi/5.4.1/armv7-m\libgcc.a(_arm_addsubdf3.o)
 .ARM.attributes
                0x00000c10       0x1d d:/gcc-arm-none-eabi-5_4-2016q3-20160926-win32/bin/../lib/gcc/arm-none-eabi/5.4.1/armv7-m\libgcc.a(_arm_muldivdf3.o)
 .ARM.attributes
                0x00000c2d       0x1d d:/gcc-arm-none-eabi-5_4-2016q3-20160926-win32/bin/../lib/gcc/arm-none-eabi/5.4.1/armv7-m\libgcc.a(_arm_cmpdf2.o)
 .ARM.attributes
                0x00000c4a       0x1d d:/gcc-arm-none-eabi-5_4-2016q3-20160926-win32/bin/../lib/gcc/arm-none-eabi/5.4.1/armv7-m\libgcc.a(_arm_unorddf2.o)
 .ARM.attributes
                0x00000c67       0x1d d:/gcc-arm-none-eabi-5_4-2016q3-20160926-win32/bin/../lib/gcc/arm-none-eabi/5.4.1/armv7-m\libgcc.a(_arm_fixdfsi.o)
 .ARM.attributes
                0x00000c84       0x1d d:/gcc-arm-none-eabi-5_4-2016q3-20160926-win32/bin/../lib/gcc/arm-none-eabi/5.4.1/armv7-m\libgcc.a(_aeabi_uldivmod.o)
 .ARM.attributes
                0x00000ca1       0x2d d:/gcc-arm-none-eabi-5_4-2016q3-20160926-win32/bin/../lib/gcc/arm-none-eabi/5.4.1/armv7-m\libgcc.a(_udivmoddi4.o)
 .ARM.attributes
                0x00000cce       0x1d d:/gcc-arm-none-eabi-5_4-2016q3-20160926-win32/bin/../lib/gcc/arm-none-eabi/5.4.1/armv7-m\libgcc.a(_dvmd_tls.o)
 .ARM.attributes
                0x00000ceb       0x1d d:/gcc-arm-none-eabi-5_4-2016q3-20160926-win32/bin/../lib/gcc/arm-none-eabi/5.4.1/armv7-m/crtn.o
OUTPUT(xbee_IHM elf32-littlearm)

.debug_info     0x00000000     0x91e1
 .debug_info    0x00000000     0x1a2b src\conf.o
 .debug_info    0x00001a2b      0x2c6 src\func.o
 .debug_info    0x00001cf1      0xe2f src\main.o
 .debug_info    0x00002b20      0x920 src\newlib_stubs.o
 .debug_info    0x00003440      0x1df src\shiftout.o
 .debug_info    0x0000361f      0x562 src\stm32\misc.o
 .debug_info    0x00003b81      0xbee src\stm32\stm32f10x_adc.o
 .debug_info    0x0000476f      0x349 src\stm32\stm32f10x_exti.o
 .debug_info    0x00004ab8      0x7f7 src\stm32\stm32f10x_gpio.o
 .debug_info    0x000052af      0x8df src\stm32\stm32f10x_rcc.o
 .debug_info    0x00005b8e     0x2014 src\stm32\stm32f10x_tim.o
 .debug_info    0x00007ba2      0xad1 src\stm32\stm32f10x_usart.o
 .debug_info    0x00008673       0xf9 src\stm32f1xx_it.o
 .debug_info    0x0000876c      0x4cc src\system_stm32f10x.o
 .debug_info    0x00008c38      0x5a9 src\xbee.o

.debug_abbrev   0x00000000     0x1bd8
 .debug_abbrev  0x00000000      0x2ef src\conf.o
 .debug_abbrev  0x000002ef      0x156 src\func.o
 .debug_abbrev  0x00000445      0x24f src\main.o
 .debug_abbrev  0x00000694      0x2e6 src\newlib_stubs.o
 .debug_abbrev  0x0000097a      0x116 src\shiftout.o
 .debug_abbrev  0x00000a90      0x15b src\stm32\misc.o
 .debug_abbrev  0x00000beb      0x1db src\stm32\stm32f10x_adc.o
 .debug_abbrev  0x00000dc6      0x1a4 src\stm32\stm32f10x_exti.o
 .debug_abbrev  0x00000f6a      0x203 src\stm32\stm32f10x_gpio.o
 .debug_abbrev  0x0000116d      0x1e7 src\stm32\stm32f10x_rcc.o
 .debug_abbrev  0x00001354      0x2d5 src\stm32\stm32f10x_tim.o
 .debug_abbrev  0x00001629      0x1e9 src\stm32\stm32f10x_usart.o
 .debug_abbrev  0x00001812       0x8e src\stm32f1xx_it.o
 .debug_abbrev  0x000018a0      0x173 src\system_stm32f10x.o
 .debug_abbrev  0x00001a13      0x1c5 src\xbee.o

.debug_loc      0x00000000     0x4856
 .debug_loc     0x00000000       0xde src\conf.o
 .debug_loc     0x000000de       0x73 src\func.o
 .debug_loc     0x00000151      0x533 src\newlib_stubs.o
 .debug_loc     0x00000684       0x41 src\shiftout.o
 .debug_loc     0x000006c5      0x161 src\stm32\misc.o
 .debug_loc     0x00000826      0xa9f src\stm32\stm32f10x_adc.o
 .debug_loc     0x000012c5      0x188 src\stm32\stm32f10x_exti.o
 .debug_loc     0x0000144d      0x4ed src\stm32\stm32f10x_gpio.o
 .debug_loc     0x0000193a      0x685 src\stm32\stm32f10x_rcc.o
 .debug_loc     0x00001fbf     0x1c08 src\stm32\stm32f10x_tim.o
 .debug_loc     0x00003bc7      0x751 src\stm32\stm32f10x_usart.o
 .debug_loc     0x00004318       0x99 src\system_stm32f10x.o
 .debug_loc     0x000043b1      0x4a5 src\xbee.o

.debug_aranges  0x00000000      0x1e8
 .debug_aranges
                0x00000000       0x20 src\conf.o
 .debug_aranges
                0x00000020       0x20 src\func.o
 .debug_aranges
                0x00000040       0x28 src\main.o
 .debug_aranges
                0x00000068       0x20 src\newlib_stubs.o
 .debug_aranges
                0x00000088       0x20 src\shiftout.o
 .debug_aranges
                0x000000a8       0x20 src\stm32\misc.o
 .debug_aranges
                0x000000c8       0x20 src\stm32\stm32f10x_adc.o
 .debug_aranges
                0x000000e8       0x20 src\stm32\stm32f10x_exti.o
 .debug_aranges
                0x00000108       0x20 src\stm32\stm32f10x_gpio.o
 .debug_aranges
                0x00000128       0x20 src\stm32\stm32f10x_rcc.o
 .debug_aranges
                0x00000148       0x20 src\stm32\stm32f10x_tim.o
 .debug_aranges
                0x00000168       0x20 src\stm32\stm32f10x_usart.o
 .debug_aranges
                0x00000188       0x20 src\stm32f1xx_it.o
 .debug_aranges
                0x000001a8       0x20 src\system_stm32f10x.o
 .debug_aranges
                0x000001c8       0x20 src\xbee.o

.debug_macro    0x00000000     0xf668
 .debug_macro   0x00000000      0x27e src\conf.o
 .debug_macro   0x0000027e      0x874 src\conf.o
 .debug_macro   0x00000af2       0x63 src\conf.o
 .debug_macro   0x00000b55       0x34 src\conf.o
 .debug_macro   0x00000b89       0x22 src\conf.o
 .debug_macro   0x00000bab       0x87 src\conf.o
 .debug_macro   0x00000c32       0x44 src\conf.o
 .debug_macro   0x00000c76       0xfd src\conf.o
 .debug_macro   0x00000d73       0x5e src\conf.o
 .debug_macro   0x00000dd1      0x1df src\conf.o
 .debug_macro   0x00000fb0       0x18 src\conf.o
 .debug_macro   0x00000fc8      0x663 src\conf.o
 .debug_macro   0x0000162b     0x7eb3 src\conf.o
 .debug_macro   0x000094de       0x35 src\conf.o
 .debug_macro   0x00009513      0x2e4 src\conf.o
 .debug_macro   0x000097f7      0x14a src\conf.o
 .debug_macro   0x00009941      0x3b0 src\conf.o
 .debug_macro   0x00009cf1       0x9d src\conf.o
 .debug_macro   0x00009d8e      0x2d5 src\conf.o
 .debug_macro   0x0000a063      0x2ad src\conf.o
 .debug_macro   0x0000a310       0x82 src\conf.o
 .debug_macro   0x0000a392      0x3e2 src\conf.o
 .debug_macro   0x0000a774      0x2c4 src\conf.o
 .debug_macro   0x0000aa38      0x711 src\conf.o
 .debug_macro   0x0000b149      0x229 src\conf.o
 .debug_macro   0x0000b372       0x8c src\conf.o
 .debug_macro   0x0000b3fe       0x16 src\conf.o
 .debug_macro   0x0000b414       0x52 src\conf.o
 .debug_macro   0x0000b466       0x35 src\conf.o
 .debug_macro   0x0000b49b       0x9c src\conf.o
 .debug_macro   0x0000b537       0x16 src\conf.o
 .debug_macro   0x0000b54d       0x97 src\conf.o
 .debug_macro   0x0000b5e4      0x30d src\conf.o
 .debug_macro   0x0000b8f1       0xfd src\conf.o
 .debug_macro   0x0000b9ee       0x10 src\conf.o
 .debug_macro   0x0000b9fe       0x52 src\conf.o
 .debug_macro   0x0000ba50       0x1f src\conf.o
 .debug_macro   0x0000ba6f       0x43 src\conf.o
 .debug_macro   0x0000bab2       0x20 src\conf.o
 .debug_macro   0x0000bad2      0x187 src\conf.o
 .debug_macro   0x0000bc59       0x10 src\conf.o
 .debug_macro   0x0000bc69       0x1c src\conf.o
 .debug_macro   0x0000bc85       0x52 src\conf.o
 .debug_macro   0x0000bcd7       0x40 src\conf.o
 .debug_macro   0x0000bd17       0x10 src\conf.o
 .debug_macro   0x0000bd27       0x40 src\conf.o
 .debug_macro   0x0000bd67       0xd7 src\conf.o
 .debug_macro   0x0000be3e       0x16 src\conf.o
 .debug_macro   0x0000be54      0x18b src\conf.o
 .debug_macro   0x0000bfdf      0x139 src\func.o
 .debug_macro   0x0000c118       0x10 src\func.o
 .debug_macro   0x0000c128      0x30b src\main.o
 .debug_macro   0x0000c433       0x16 src\main.o
 .debug_macro   0x0000c449       0x16 src\main.o
 .debug_macro   0x0000c45f       0x16 src\main.o
 .debug_macro   0x0000c475       0x29 src\main.o
 .debug_macro   0x0000c49e       0x28 src\main.o
 .debug_macro   0x0000c4c6       0x16 src\main.o
 .debug_macro   0x0000c4dc       0x3a src\main.o
 .debug_macro   0x0000c516      0x2bf src\newlib_stubs.o
 .debug_macro   0x0000c7d5       0x10 src\newlib_stubs.o
 .debug_macro   0x0000c7e5       0x4c src\newlib_stubs.o
 .debug_macro   0x0000c831       0x8d src\newlib_stubs.o
 .debug_macro   0x0000c8be       0x4a src\newlib_stubs.o
 .debug_macro   0x0000c908      0x23b src\newlib_stubs.o
 .debug_macro   0x0000cb43       0x10 src\newlib_stubs.o
 .debug_macro   0x0000cb53       0x10 src\newlib_stubs.o
 .debug_macro   0x0000cb63       0x10 src\newlib_stubs.o
 .debug_macro   0x0000cb73       0x35 src\newlib_stubs.o
 .debug_macro   0x0000cba8      0x122 src\newlib_stubs.o
 .debug_macro   0x0000ccca       0x16 src\newlib_stubs.o
 .debug_macro   0x0000cce0      0x513 src\newlib_stubs.o
 .debug_macro   0x0000d1f3      0x223 src\newlib_stubs.o
 .debug_macro   0x0000d416      0x14e src\shiftout.o
 .debug_macro   0x0000d564      0x13a src\stm32\misc.o
 .debug_macro   0x0000d69e       0x86 src\stm32\misc.o
 .debug_macro   0x0000d724      0x232 src\stm32\stm32f10x_adc.o
 .debug_macro   0x0000d956      0x144 src\stm32\stm32f10x_adc.o
 .debug_macro   0x0000da9a      0x13a src\stm32\stm32f10x_exti.o
 .debug_macro   0x0000dbd4       0x97 src\stm32\stm32f10x_exti.o
 .debug_macro   0x0000dc6b      0x182 src\stm32\stm32f10x_gpio.o
 .debug_macro   0x0000dded      0x2a7 src\stm32\stm32f10x_gpio.o
 .debug_macro   0x0000e094      0x254 src\stm32\stm32f10x_rcc.o
 .debug_macro   0x0000e2e8      0x3dc src\stm32\stm32f10x_rcc.o
 .debug_macro   0x0000e6c4      0x14c src\stm32\stm32f10x_tim.o
 .debug_macro   0x0000e810      0x70b src\stm32\stm32f10x_tim.o
 .debug_macro   0x0000ef1b      0x1e8 src\stm32\stm32f10x_usart.o
 .debug_macro   0x0000f103      0x134 src\stm32f1xx_it.o
 .debug_macro   0x0000f237      0x137 src\system_stm32f10x.o
 .debug_macro   0x0000f36e      0x2d8 src\xbee.o
 .debug_macro   0x0000f646       0x22 src\xbee.o

.debug_line     0x00000000     0x4b74
 .debug_line    0x00000000      0x5fb src\conf.o
 .debug_line    0x000005fb      0x3d2 src\func.o
 .debug_line    0x000009cd      0x66c src\main.o
 .debug_line    0x00001039      0x5a8 src\newlib_stubs.o
 .debug_line    0x000015e1      0x3dc src\shiftout.o
 .debug_line    0x000019bd      0x3f1 src\stm32\misc.o
 .debug_line    0x00001dae      0x503 src\stm32\stm32f10x_adc.o
 .debug_line    0x000022b1      0x40e src\stm32\stm32f10x_exti.o
 .debug_line    0x000026bf      0x49c src\stm32\stm32f10x_gpio.o
 .debug_line    0x00002b5b      0x4d5 src\stm32\stm32f10x_rcc.o
 .debug_line    0x00003030      0x868 src\stm32\stm32f10x_tim.o
 .debug_line    0x00003898      0x4fc src\stm32\stm32f10x_usart.o
 .debug_line    0x00003d94      0x3e1 src\stm32f1xx_it.o
 .debug_line    0x00004175      0x40d src\system_stm32f10x.o
 .debug_line    0x00004582      0x5f2 src\xbee.o

.debug_str      0x00000000    0x4d873
 .debug_str     0x00000000    0x48514 src\conf.o
                              0x48775 (size before relaxing)
 .debug_str     0x00048514       0x8f src\func.o
                              0x43e6c (size before relaxing)
 .debug_str     0x000485a3      0x80c src\main.o
                              0x48489 (size before relaxing)
 .debug_str     0x00048daf     0x1b1c src\newlib_stubs.o
                              0x48dd1 (size before relaxing)
 .debug_str     0x0004a8cb       0xdc src\shiftout.o
                              0x43ec8 (size before relaxing)
 .debug_str     0x0004a9a7      0x192 src\stm32\misc.o
                              0x4402d (size before relaxing)
 .debug_str     0x0004ab39      0xa27 src\stm32\stm32f10x_adc.o
                              0x44992 (size before relaxing)
 .debug_str     0x0004b560       0xb5 src\stm32\stm32f10x_exti.o
                              0x43fa1 (size before relaxing)
 .debug_str     0x0004b615      0x45e src\stm32\stm32f10x_gpio.o
                              0x443b6 (size before relaxing)
 .debug_str     0x0004ba73      0xaf8 src\stm32\stm32f10x_rcc.o
                              0x44985 (size before relaxing)
 .debug_str     0x0004c56b      0xa88 src\stm32\stm32f10x_tim.o
                              0x44ab6 (size before relaxing)
 .debug_str     0x0004cff3      0x6f6 src\stm32\stm32f10x_usart.o
                              0x446ef (size before relaxing)
 .debug_str     0x0004d6e9       0x7f src\stm32f1xx_it.o
                              0x43e08 (size before relaxing)
 .debug_str     0x0004d768       0xaa src\system_stm32f10x.o
                              0x43f5e (size before relaxing)
 .debug_str     0x0004d812       0x61 src\xbee.o
                              0x47bf1 (size before relaxing)

.comment        0x00000000       0x6e
 .comment       0x00000000       0x6e src\conf.o
                                 0x6f (size before relaxing)
 .comment       0x0000006e       0x6f src\func.o
 .comment       0x0000006e       0x6f src\main.o
 .comment       0x0000006e       0x6f src\newlib_stubs.o
 .comment       0x0000006e       0x6f src\shiftout.o
 .comment       0x0000006e       0x6f src\stm32\misc.o
 .comment       0x0000006e       0x6f src\stm32\stm32f10x_adc.o
 .comment       0x0000006e       0x6f src\stm32\stm32f10x_exti.o
 .comment       0x0000006e       0x6f src\stm32\stm32f10x_gpio.o
 .comment       0x0000006e       0x6f src\stm32\stm32f10x_rcc.o
 .comment       0x0000006e       0x6f src\stm32\stm32f10x_tim.o
 .comment       0x0000006e       0x6f src\stm32\stm32f10x_usart.o
 .comment       0x0000006e       0x6f src\stm32f1xx_it.o
 .comment       0x0000006e       0x6f src\system_stm32f10x.o
 .comment       0x0000006e       0x6f src\xbee.o

.debug_frame    0x00000000     0x2664
 .debug_frame   0x00000000      0x130 src\conf.o
 .debug_frame   0x00000130       0x40 src\func.o
 .debug_frame   0x00000170       0xa8 src\main.o
 .debug_frame   0x00000218      0x180 src\newlib_stubs.o
 .debug_frame   0x00000398       0x30 src\shiftout.o
 .debug_frame   0x000003c8       0x68 src\stm32\misc.o
 .debug_frame   0x00000430      0x290 src\stm32\stm32f10x_adc.o
 .debug_frame   0x000006c0       0x9c src\stm32\stm32f10x_exti.o
 .debug_frame   0x0000075c      0x170 src\stm32\stm32f10x_gpio.o
 .debug_frame   0x000008cc      0x220 src\stm32\stm32f10x_rcc.o
 .debug_frame   0x00000aec      0x6b4 src\stm32\stm32f10x_tim.o
 .debug_frame   0x000011a0      0x224 src\stm32\stm32f10x_usart.o
 .debug_frame   0x000013c4       0x90 src\stm32f1xx_it.o
 .debug_frame   0x00001454       0x3c src\system_stm32f10x.o
 .debug_frame   0x00001490       0xfc src\xbee.o
 .debug_frame   0x0000158c       0x20 d:/gcc-arm-none-eabi-5_4-2016q3-20160926-win32/bin/../lib/gcc/arm-none-eabi/5.4.1/../../../../arm-none-eabi/lib/armv7-m\libc.a(lib_a-errno.o)
 .debug_frame   0x000015ac       0x2c d:/gcc-arm-none-eabi-5_4-2016q3-20160926-win32/bin/../lib/gcc/arm-none-eabi/5.4.1/../../../../arm-none-eabi/lib/armv7-m\libc.a(lib_a-init.o)
 .debug_frame   0x000015d8       0x34 d:/gcc-arm-none-eabi-5_4-2016q3-20160926-win32/bin/../lib/gcc/arm-none-eabi/5.4.1/../../../../arm-none-eabi/lib/armv7-m\libc.a(lib_a-memset.o)
 .debug_frame   0x0000160c       0x78 d:/gcc-arm-none-eabi-5_4-2016q3-20160926-win32/bin/../lib/gcc/arm-none-eabi/5.4.1/../../../../arm-none-eabi/lib/armv7-m\libc.a(lib_a-printf.o)
 .debug_frame   0x00001684       0x48 d:/gcc-arm-none-eabi-5_4-2016q3-20160926-win32/bin/../lib/gcc/arm-none-eabi/5.4.1/../../../../arm-none-eabi/lib/armv7-m\libc.a(lib_a-puts.o)
 .debug_frame   0x000016cc       0x50 d:/gcc-arm-none-eabi-5_4-2016q3-20160926-win32/bin/../lib/gcc/arm-none-eabi/5.4.1/../../../../arm-none-eabi/lib/armv7-m\libc.a(lib_a-setvbuf.o)
 .debug_frame   0x0000171c       0x20 d:/gcc-arm-none-eabi-5_4-2016q3-20160926-win32/bin/../lib/gcc/arm-none-eabi/5.4.1/../../../../arm-none-eabi/lib/armv7-m\libc.a(lib_a-strlen-stub.o)
 .debug_frame   0x0000173c       0x88 d:/gcc-arm-none-eabi-5_4-2016q3-20160926-win32/bin/../lib/gcc/arm-none-eabi/5.4.1/../../../../arm-none-eabi/lib/armv7-m\libc.a(lib_a-vfprintf.o)
 .debug_frame   0x000017c4       0x2c d:/gcc-arm-none-eabi-5_4-2016q3-20160926-win32/bin/../lib/gcc/arm-none-eabi/5.4.1/../../../../arm-none-eabi/lib/armv7-m\libc.a(lib_a-wsetup.o)
 .debug_frame   0x000017f0       0x50 d:/gcc-arm-none-eabi-5_4-2016q3-20160926-win32/bin/../lib/gcc/arm-none-eabi/5.4.1/../../../../arm-none-eabi/lib/armv7-m\libc.a(lib_a-__call_atexit.o)
 .debug_frame   0x00001840       0x20 d:/gcc-arm-none-eabi-5_4-2016q3-20160926-win32/bin/../lib/gcc/arm-none-eabi/5.4.1/../../../../arm-none-eabi/lib/armv7-m\libc.a(lib_a-atexit.o)
 .debug_frame   0x00001860       0x84 d:/gcc-arm-none-eabi-5_4-2016q3-20160926-win32/bin/../lib/gcc/arm-none-eabi/5.4.1/../../../../arm-none-eabi/lib/armv7-m\libc.a(lib_a-dtoa.o)
 .debug_frame   0x000018e4       0x6c d:/gcc-arm-none-eabi-5_4-2016q3-20160926-win32/bin/../lib/gcc/arm-none-eabi/5.4.1/../../../../arm-none-eabi/lib/armv7-m\libc.a(lib_a-fflush.o)
 .debug_frame   0x00001950      0x124 d:/gcc-arm-none-eabi-5_4-2016q3-20160926-win32/bin/../lib/gcc/arm-none-eabi/5.4.1/../../../../arm-none-eabi/lib/armv7-m\libc.a(lib_a-findfp.o)
 .debug_frame   0x00001a74       0x34 d:/gcc-arm-none-eabi-5_4-2016q3-20160926-win32/bin/../lib/gcc/arm-none-eabi/5.4.1/../../../../arm-none-eabi/lib/armv7-m\libc.a(lib_a-fini.o)
 .debug_frame   0x00001aa8       0x74 d:/gcc-arm-none-eabi-5_4-2016q3-20160926-win32/bin/../lib/gcc/arm-none-eabi/5.4.1/../../../../arm-none-eabi/lib/armv7-m\libc.a(lib_a-freer.o)
 .debug_frame   0x00001b1c       0x68 d:/gcc-arm-none-eabi-5_4-2016q3-20160926-win32/bin/../lib/gcc/arm-none-eabi/5.4.1/../../../../arm-none-eabi/lib/armv7-m\libc.a(lib_a-fvwrite.o)
 .debug_frame   0x00001b84       0x54 d:/gcc-arm-none-eabi-5_4-2016q3-20160926-win32/bin/../lib/gcc/arm-none-eabi/5.4.1/../../../../arm-none-eabi/lib/armv7-m\libc.a(lib_a-fwalk.o)
 .debug_frame   0x00001bd8       0x40 d:/gcc-arm-none-eabi-5_4-2016q3-20160926-win32/bin/../lib/gcc/arm-none-eabi/5.4.1/../../../../arm-none-eabi/lib/armv7-m\libc.a(lib_a-localeconv.o)
 .debug_frame   0x00001c18       0x68 d:/gcc-arm-none-eabi-5_4-2016q3-20160926-win32/bin/../lib/gcc/arm-none-eabi/5.4.1/../../../../arm-none-eabi/lib/armv7-m\libc.a(lib_a-makebuf.o)
 .debug_frame   0x00001c80       0x30 d:/gcc-arm-none-eabi-5_4-2016q3-20160926-win32/bin/../lib/gcc/arm-none-eabi/5.4.1/../../../../arm-none-eabi/lib/armv7-m\libc.a(lib_a-malloc.o)
 .debug_frame   0x00001cb0       0x54 d:/gcc-arm-none-eabi-5_4-2016q3-20160926-win32/bin/../lib/gcc/arm-none-eabi/5.4.1/../../../../arm-none-eabi/lib/armv7-m\libc.a(lib_a-mallocr.o)
 .debug_frame   0x00001d04       0x34 d:/gcc-arm-none-eabi-5_4-2016q3-20160926-win32/bin/../lib/gcc/arm-none-eabi/5.4.1/../../../../arm-none-eabi/lib/armv7-m\libc.a(lib_a-memchr-stub.o)
 .debug_frame   0x00001d38       0x30 d:/gcc-arm-none-eabi-5_4-2016q3-20160926-win32/bin/../lib/gcc/arm-none-eabi/5.4.1/../../../../arm-none-eabi/lib/armv7-m\libc.a(lib_a-memmove.o)
 .debug_frame   0x00001d68       0x30 d:/gcc-arm-none-eabi-5_4-2016q3-20160926-win32/bin/../lib/gcc/arm-none-eabi/5.4.1/../../../../arm-none-eabi/lib/armv7-m\libc.a(lib_a-mlock.o)
 .debug_frame   0x00001d98      0x264 d:/gcc-arm-none-eabi-5_4-2016q3-20160926-win32/bin/../lib/gcc/arm-none-eabi/5.4.1/../../../../arm-none-eabi/lib/armv7-m\libc.a(lib_a-mprec.o)
 .debug_frame   0x00001ffc       0x58 d:/gcc-arm-none-eabi-5_4-2016q3-20160926-win32/bin/../lib/gcc/arm-none-eabi/5.4.1/../../../../arm-none-eabi/lib/armv7-m\libc.a(lib_a-reallocr.o)
 .debug_frame   0x00002054       0x2c d:/gcc-arm-none-eabi-5_4-2016q3-20160926-win32/bin/../lib/gcc/arm-none-eabi/5.4.1/../../../../arm-none-eabi/lib/armv7-m\libc.a(lib_a-sbrkr.o)
 .debug_frame   0x00002080       0x88 d:/gcc-arm-none-eabi-5_4-2016q3-20160926-win32/bin/../lib/gcc/arm-none-eabi/5.4.1/../../../../arm-none-eabi/lib/armv7-m\libc.a(lib_a-stdio.o)
 .debug_frame   0x00002108       0xc8 d:/gcc-arm-none-eabi-5_4-2016q3-20160926-win32/bin/../lib/gcc/arm-none-eabi/5.4.1/../../../../arm-none-eabi/lib/armv7-m\libc.a(lib_a-vfiprintf.o)
 .debug_frame   0x000021d0       0x2c d:/gcc-arm-none-eabi-5_4-2016q3-20160926-win32/bin/../lib/gcc/arm-none-eabi/5.4.1/../../../../arm-none-eabi/lib/armv7-m\libc.a(lib_a-writer.o)
 .debug_frame   0x000021fc       0x34 d:/gcc-arm-none-eabi-5_4-2016q3-20160926-win32/bin/../lib/gcc/arm-none-eabi/5.4.1/../../../../arm-none-eabi/lib/armv7-m\libc.a(lib_a-__atexit.o)
 .debug_frame   0x00002230       0x28 d:/gcc-arm-none-eabi-5_4-2016q3-20160926-win32/bin/../lib/gcc/arm-none-eabi/5.4.1/../../../../arm-none-eabi/lib/armv7-m\libc.a(lib_a-callocr.o)
 .debug_frame   0x00002258       0x2c d:/gcc-arm-none-eabi-5_4-2016q3-20160926-win32/bin/../lib/gcc/arm-none-eabi/5.4.1/../../../../arm-none-eabi/lib/armv7-m\libc.a(lib_a-closer.o)
 .debug_frame   0x00002284       0x44 d:/gcc-arm-none-eabi-5_4-2016q3-20160926-win32/bin/../lib/gcc/arm-none-eabi/5.4.1/../../../../arm-none-eabi/lib/armv7-m\libc.a(lib_a-fclose.o)
 .debug_frame   0x000022c8       0x88 d:/gcc-arm-none-eabi-5_4-2016q3-20160926-win32/bin/../lib/gcc/arm-none-eabi/5.4.1/../../../../arm-none-eabi/lib/armv7-m\libc.a(lib_a-fputwc.o)
 .debug_frame   0x00002350       0x2c d:/gcc-arm-none-eabi-5_4-2016q3-20160926-win32/bin/../lib/gcc/arm-none-eabi/5.4.1/../../../../arm-none-eabi/lib/armv7-m\libc.a(lib_a-fstatr.o)
 .debug_frame   0x0000237c       0x2c d:/gcc-arm-none-eabi-5_4-2016q3-20160926-win32/bin/../lib/gcc/arm-none-eabi/5.4.1/../../../../arm-none-eabi/lib/armv7-m\libc.a(lib_a-isattyr.o)
 .debug_frame   0x000023a8       0x84 d:/gcc-arm-none-eabi-5_4-2016q3-20160926-win32/bin/../lib/gcc/arm-none-eabi/5.4.1/../../../../arm-none-eabi/lib/armv7-m\libc.a(lib_a-locale.o)
 .debug_frame   0x0000242c       0x2c d:/gcc-arm-none-eabi-5_4-2016q3-20160926-win32/bin/../lib/gcc/arm-none-eabi/5.4.1/../../../../arm-none-eabi/lib/armv7-m\libc.a(lib_a-lseekr.o)
 .debug_frame   0x00002458       0x4c d:/gcc-arm-none-eabi-5_4-2016q3-20160926-win32/bin/../lib/gcc/arm-none-eabi/5.4.1/../../../../arm-none-eabi/lib/armv7-m\libc.a(lib_a-mbtowc_r.o)
 .debug_frame   0x000024a4       0x2c d:/gcc-arm-none-eabi-5_4-2016q3-20160926-win32/bin/../lib/gcc/arm-none-eabi/5.4.1/../../../../arm-none-eabi/lib/armv7-m\libc.a(lib_a-readr.o)
 .debug_frame   0x000024d0       0x58 d:/gcc-arm-none-eabi-5_4-2016q3-20160926-win32/bin/../lib/gcc/arm-none-eabi/5.4.1/../../../../arm-none-eabi/lib/armv7-m\libc.a(lib_a-reent.o)
 .debug_frame   0x00002528       0x40 d:/gcc-arm-none-eabi-5_4-2016q3-20160926-win32/bin/../lib/gcc/arm-none-eabi/5.4.1/../../../../arm-none-eabi/lib/armv7-m\libc.a(lib_a-wbuf.o)
 .debug_frame   0x00002568       0x5c d:/gcc-arm-none-eabi-5_4-2016q3-20160926-win32/bin/../lib/gcc/arm-none-eabi/5.4.1/../../../../arm-none-eabi/lib/armv7-m\libc.a(lib_a-wcrtomb.o)
 .debug_frame   0x000025c4       0x3c d:/gcc-arm-none-eabi-5_4-2016q3-20160926-win32/bin/../lib/gcc/arm-none-eabi/5.4.1/../../../../arm-none-eabi/lib/armv7-m\libc.a(lib_a-wctomb_r.o)
 .debug_frame   0x00002600       0x2c d:/gcc-arm-none-eabi-5_4-2016q3-20160926-win32/bin/../lib/gcc/arm-none-eabi/5.4.1/armv7-m\libgcc.a(_aeabi_uldivmod.o)
 .debug_frame   0x0000262c       0x38 d:/gcc-arm-none-eabi-5_4-2016q3-20160926-win32/bin/../lib/gcc/arm-none-eabi/5.4.1/armv7-m\libgcc.a(_udivmoddi4.o)

.debug_ranges   0x00000000       0xc0
 .debug_ranges  0x00000000       0x18 src\main.o
 .debug_ranges  0x00000018       0x38 src\newlib_stubs.o
 .debug_ranges  0x00000050       0x20 src\shiftout.o
 .debug_ranges  0x00000070       0x38 src\stm32\stm32f10x_tim.o
 .debug_ranges  0x000000a8       0x18 src\system_stm32f10x.o

Cross Reference Table

Symbol                                            File
ADC1_IRQHandler                                   src\startup_stm32f10x_md_vl.o
ADC1_Initm                                        src\conf.o
ADC_AnalogWatchdogCmd                             src\stm32\stm32f10x_adc.o
ADC_AnalogWatchdogSingleChannelConfig             src\stm32\stm32f10x_adc.o
ADC_AnalogWatchdogThresholdsConfig                src\stm32\stm32f10x_adc.o
ADC_AutoInjectedConvCmd                           src\stm32\stm32f10x_adc.o
ADC_ClearFlag                                     src\stm32\stm32f10x_adc.o
ADC_ClearITPendingBit                             src\stm32\stm32f10x_adc.o
ADC_Cmd                                           src\stm32\stm32f10x_adc.o
                                                  src\conf.o
ADC_DMACmd                                        src\stm32\stm32f10x_adc.o
ADC_DeInit                                        src\stm32\stm32f10x_adc.o
ADC_DiscModeChannelCountConfig                    src\stm32\stm32f10x_adc.o
ADC_DiscModeCmd                                   src\stm32\stm32f10x_adc.o
ADC_ExternalTrigConvCmd                           src\stm32\stm32f10x_adc.o
ADC_ExternalTrigInjectedConvCmd                   src\stm32\stm32f10x_adc.o
ADC_ExternalTrigInjectedConvConfig                src\stm32\stm32f10x_adc.o
ADC_GetCalibrationStatus                          src\stm32\stm32f10x_adc.o
                                                  src\conf.o
ADC_GetConversionValue                            src\stm32\stm32f10x_adc.o
ADC_GetDualModeConversionValue                    src\stm32\stm32f10x_adc.o
ADC_GetFlagStatus                                 src\stm32\stm32f10x_adc.o
ADC_GetITStatus                                   src\stm32\stm32f10x_adc.o
ADC_GetInjectedConversionValue                    src\stm32\stm32f10x_adc.o
ADC_GetResetCalibrationStatus                     src\stm32\stm32f10x_adc.o
                                                  src\conf.o
ADC_GetSoftwareStartConvStatus                    src\stm32\stm32f10x_adc.o
ADC_GetSoftwareStartInjectedConvCmdStatus         src\stm32\stm32f10x_adc.o
ADC_ITConfig                                      src\stm32\stm32f10x_adc.o
ADC_Init                                          src\stm32\stm32f10x_adc.o
                                                  src\conf.o